<?xml version="1.0" encoding="ISO-8859-1" ?>
<link_info>
   <banner>MSP430 Linker PC v20.2.5.LTS</banner>
   <copyright>Copyright (c) 2003-2018 Texas Instruments Incorporated</copyright>
   <link_time>0x63289b22</link_time>
   <link_errors>0x0</link_errors>
   <output_file>HydroPore.out</output_file>
   <entry_point>
      <name>_c_int00_noargs</name>
      <address>0x605e</address>
   </entry_point>
   <input_file_list>
      <input_file id="fl-2">
         <path>.\</path>
         <kind>object</kind>
         <file>ADC.obj</file>
         <name>ADC.obj</name>
      </input_file>
      <input_file id="fl-3">
         <path>.\</path>
         <kind>object</kind>
         <file>COMs.obj</file>
         <name>COMs.obj</name>
      </input_file>
      <input_file id="fl-4">
         <path>.\</path>
         <kind>object</kind>
         <file>Clocks.obj</file>
         <name>Clocks.obj</name>
      </input_file>
      <input_file id="fl-5">
         <path>.\</path>
         <kind>object</kind>
         <file>Control.obj</file>
         <name>Control.obj</name>
      </input_file>
      <input_file id="fl-6">
         <path>.\</path>
         <kind>object</kind>
         <file>DrivingH.obj</file>
         <name>DrivingH.obj</name>
      </input_file>
      <input_file id="fl-7">
         <path>.\</path>
         <kind>object</kind>
         <file>main.obj</file>
         <name>main.obj</name>
      </input_file>
      <input_file id="fl-d">
         <kind>object</kind>
         <file>&lt;internal&gt;</file>
         <name>&lt;internal&gt;</name>
      </input_file>
      <input_file id="fl-28">
         <path>C:\ti\ccs1040\ccs\tools\compiler\ti-cgt-msp430_20.2.5.LTS\lib\</path>
         <kind>archive</kind>
         <file>rts430x_lc_rd_eabi.lib</file>
         <name>copy_decompress_lzss.c.obj</name>
      </input_file>
      <input_file id="fl-29">
         <path>C:\ti\ccs1040\ccs\tools\compiler\ti-cgt-msp430_20.2.5.LTS\lib\</path>
         <kind>archive</kind>
         <file>rts430x_lc_rd_eabi.lib</file>
         <name>copy_decompress_none.c.obj</name>
      </input_file>
      <input_file id="fl-2a">
         <path>C:\ti\ccs1040\ccs\tools\compiler\ti-cgt-msp430_20.2.5.LTS\lib\</path>
         <kind>archive</kind>
         <file>rts430x_lc_rd_eabi.lib</file>
         <name>int16.asm.obj</name>
      </input_file>
      <input_file id="fl-2b">
         <path>C:\ti\ccs1040\ccs\tools\compiler\ti-cgt-msp430_20.2.5.LTS\lib\</path>
         <kind>archive</kind>
         <file>rts430x_lc_rd_eabi.lib</file>
         <name>isr_trap.asm.obj</name>
      </input_file>
      <input_file id="fl-2c">
         <path>C:\ti\ccs1040\ccs\tools\compiler\ti-cgt-msp430_20.2.5.LTS\lib\</path>
         <kind>archive</kind>
         <file>rts430x_lc_rd_eabi.lib</file>
         <name>int17.asm.obj</name>
      </input_file>
      <input_file id="fl-2d">
         <path>C:\ti\ccs1040\ccs\tools\compiler\ti-cgt-msp430_20.2.5.LTS\lib\</path>
         <kind>archive</kind>
         <file>rts430x_lc_rd_eabi.lib</file>
         <name>int18.asm.obj</name>
      </input_file>
      <input_file id="fl-2e">
         <path>C:\ti\ccs1040\ccs\tools\compiler\ti-cgt-msp430_20.2.5.LTS\lib\</path>
         <kind>archive</kind>
         <file>rts430x_lc_rd_eabi.lib</file>
         <name>int19.asm.obj</name>
      </input_file>
      <input_file id="fl-2f">
         <path>C:\ti\ccs1040\ccs\tools\compiler\ti-cgt-msp430_20.2.5.LTS\lib\</path>
         <kind>archive</kind>
         <file>rts430x_lc_rd_eabi.lib</file>
         <name>int20.asm.obj</name>
      </input_file>
      <input_file id="fl-30">
         <path>C:\ti\ccs1040\ccs\tools\compiler\ti-cgt-msp430_20.2.5.LTS\lib\</path>
         <kind>archive</kind>
         <file>rts430x_lc_rd_eabi.lib</file>
         <name>int21.asm.obj</name>
      </input_file>
      <input_file id="fl-31">
         <path>C:\ti\ccs1040\ccs\tools\compiler\ti-cgt-msp430_20.2.5.LTS\lib\</path>
         <kind>archive</kind>
         <file>rts430x_lc_rd_eabi.lib</file>
         <name>int22.asm.obj</name>
      </input_file>
      <input_file id="fl-32">
         <path>C:\ti\ccs1040\ccs\tools\compiler\ti-cgt-msp430_20.2.5.LTS\lib\</path>
         <kind>archive</kind>
         <file>rts430x_lc_rd_eabi.lib</file>
         <name>int24.asm.obj</name>
      </input_file>
      <input_file id="fl-33">
         <path>C:\ti\ccs1040\ccs\tools\compiler\ti-cgt-msp430_20.2.5.LTS\lib\</path>
         <kind>archive</kind>
         <file>rts430x_lc_rd_eabi.lib</file>
         <name>int25.asm.obj</name>
      </input_file>
      <input_file id="fl-34">
         <path>C:\ti\ccs1040\ccs\tools\compiler\ti-cgt-msp430_20.2.5.LTS\lib\</path>
         <kind>archive</kind>
         <file>rts430x_lc_rd_eabi.lib</file>
         <name>int26.asm.obj</name>
      </input_file>
      <input_file id="fl-35">
         <path>C:\ti\ccs1040\ccs\tools\compiler\ti-cgt-msp430_20.2.5.LTS\lib\</path>
         <kind>archive</kind>
         <file>rts430x_lc_rd_eabi.lib</file>
         <name>int28.asm.obj</name>
      </input_file>
      <input_file id="fl-36">
         <path>C:\ti\ccs1040\ccs\tools\compiler\ti-cgt-msp430_20.2.5.LTS\lib\</path>
         <kind>archive</kind>
         <file>rts430x_lc_rd_eabi.lib</file>
         <name>int29.asm.obj</name>
      </input_file>
      <input_file id="fl-37">
         <path>C:\ti\ccs1040\ccs\tools\compiler\ti-cgt-msp430_20.2.5.LTS\lib\</path>
         <kind>archive</kind>
         <file>rts430x_lc_rd_eabi.lib</file>
         <name>int30.asm.obj</name>
      </input_file>
      <input_file id="fl-38">
         <path>C:\ti\ccs1040\ccs\tools\compiler\ti-cgt-msp430_20.2.5.LTS\lib\</path>
         <kind>archive</kind>
         <file>rts430x_lc_rd_eabi.lib</file>
         <name>int31.asm.obj</name>
      </input_file>
      <input_file id="fl-39">
         <path>C:\ti\ccs1040\ccs\tools\compiler\ti-cgt-msp430_20.2.5.LTS\lib\</path>
         <kind>archive</kind>
         <file>rts430x_lc_rd_eabi.lib</file>
         <name>int32.asm.obj</name>
      </input_file>
      <input_file id="fl-3a">
         <path>C:\ti\ccs1040\ccs\tools\compiler\ti-cgt-msp430_20.2.5.LTS\lib\</path>
         <kind>archive</kind>
         <file>rts430x_lc_rd_eabi.lib</file>
         <name>int33.asm.obj</name>
      </input_file>
      <input_file id="fl-3b">
         <path>C:\ti\ccs1040\ccs\tools\compiler\ti-cgt-msp430_20.2.5.LTS\lib\</path>
         <kind>archive</kind>
         <file>rts430x_lc_rd_eabi.lib</file>
         <name>int34.asm.obj</name>
      </input_file>
      <input_file id="fl-3c">
         <path>C:\ti\ccs1040\ccs\tools\compiler\ti-cgt-msp430_20.2.5.LTS\lib\</path>
         <kind>archive</kind>
         <file>rts430x_lc_rd_eabi.lib</file>
         <name>int35.asm.obj</name>
      </input_file>
      <input_file id="fl-3d">
         <path>C:\ti\ccs1040\ccs\tools\compiler\ti-cgt-msp430_20.2.5.LTS\lib\</path>
         <kind>archive</kind>
         <file>rts430x_lc_rd_eabi.lib</file>
         <name>int36.asm.obj</name>
      </input_file>
      <input_file id="fl-3e">
         <path>C:\ti\ccs1040\ccs\tools\compiler\ti-cgt-msp430_20.2.5.LTS\lib\</path>
         <kind>archive</kind>
         <file>rts430x_lc_rd_eabi.lib</file>
         <name>int37.asm.obj</name>
      </input_file>
      <input_file id="fl-3f">
         <path>C:\ti\ccs1040\ccs\tools\compiler\ti-cgt-msp430_20.2.5.LTS\lib\</path>
         <kind>archive</kind>
         <file>rts430x_lc_rd_eabi.lib</file>
         <name>int38.asm.obj</name>
      </input_file>
      <input_file id="fl-40">
         <path>C:\ti\ccs1040\ccs\tools\compiler\ti-cgt-msp430_20.2.5.LTS\lib\</path>
         <kind>archive</kind>
         <file>rts430x_lc_rd_eabi.lib</file>
         <name>int39.asm.obj</name>
      </input_file>
      <input_file id="fl-41">
         <path>C:\ti\ccs1040\ccs\tools\compiler\ti-cgt-msp430_20.2.5.LTS\lib\</path>
         <kind>archive</kind>
         <file>rts430x_lc_rd_eabi.lib</file>
         <name>int40.asm.obj</name>
      </input_file>
      <input_file id="fl-42">
         <path>C:\ti\ccs1040\ccs\tools\compiler\ti-cgt-msp430_20.2.5.LTS\lib\</path>
         <kind>archive</kind>
         <file>rts430x_lc_rd_eabi.lib</file>
         <name>int41.asm.obj</name>
      </input_file>
      <input_file id="fl-43">
         <path>C:\ti\ccs1040\ccs\tools\compiler\ti-cgt-msp430_20.2.5.LTS\lib\</path>
         <kind>archive</kind>
         <file>rts430x_lc_rd_eabi.lib</file>
         <name>int42.asm.obj</name>
      </input_file>
      <input_file id="fl-44">
         <path>C:\ti\ccs1040\ccs\tools\compiler\ti-cgt-msp430_20.2.5.LTS\lib\</path>
         <kind>archive</kind>
         <file>rts430x_lc_rd_eabi.lib</file>
         <name>int43.asm.obj</name>
      </input_file>
      <input_file id="fl-45">
         <path>C:\ti\ccs1040\ccs\tools\compiler\ti-cgt-msp430_20.2.5.LTS\lib\</path>
         <kind>archive</kind>
         <file>rts430x_lc_rd_eabi.lib</file>
         <name>int44.asm.obj</name>
      </input_file>
      <input_file id="fl-46">
         <path>C:\ti\ccs1040\ccs\tools\compiler\ti-cgt-msp430_20.2.5.LTS\lib\</path>
         <kind>archive</kind>
         <file>rts430x_lc_rd_eabi.lib</file>
         <name>int47.asm.obj</name>
      </input_file>
      <input_file id="fl-47">
         <path>C:\ti\ccs1040\ccs\tools\compiler\ti-cgt-msp430_20.2.5.LTS\lib\</path>
         <kind>archive</kind>
         <file>rts430x_lc_rd_eabi.lib</file>
         <name>int48.asm.obj</name>
      </input_file>
      <input_file id="fl-48">
         <path>C:\ti\ccs1040\ccs\tools\compiler\ti-cgt-msp430_20.2.5.LTS\lib\</path>
         <kind>archive</kind>
         <file>rts430x_lc_rd_eabi.lib</file>
         <name>int49.asm.obj</name>
      </input_file>
      <input_file id="fl-49">
         <path>C:\ti\ccs1040\ccs\tools\compiler\ti-cgt-msp430_20.2.5.LTS\lib\</path>
         <kind>archive</kind>
         <file>rts430x_lc_rd_eabi.lib</file>
         <name>int50.asm.obj</name>
      </input_file>
      <input_file id="fl-4a">
         <path>C:\ti\ccs1040\ccs\tools\compiler\ti-cgt-msp430_20.2.5.LTS\lib\</path>
         <kind>archive</kind>
         <file>rts430x_lc_rd_eabi.lib</file>
         <name>int51.asm.obj</name>
      </input_file>
      <input_file id="fl-4b">
         <path>C:\ti\ccs1040\ccs\tools\compiler\ti-cgt-msp430_20.2.5.LTS\lib\</path>
         <kind>archive</kind>
         <file>rts430x_lc_rd_eabi.lib</file>
         <name>int52.asm.obj</name>
      </input_file>
      <input_file id="fl-4c">
         <path>C:\ti\ccs1040\ccs\tools\compiler\ti-cgt-msp430_20.2.5.LTS\lib\</path>
         <kind>archive</kind>
         <file>rts430x_lc_rd_eabi.lib</file>
         <name>int53.asm.obj</name>
      </input_file>
      <input_file id="fl-4d">
         <path>C:\ti\ccs1040\ccs\tools\compiler\ti-cgt-msp430_20.2.5.LTS\lib\</path>
         <kind>archive</kind>
         <file>rts430x_lc_rd_eabi.lib</file>
         <name>int54.asm.obj</name>
      </input_file>
      <input_file id="fl-4e">
         <path>C:\ti\ccs1040\ccs\tools\compiler\ti-cgt-msp430_20.2.5.LTS\lib\</path>
         <kind>archive</kind>
         <file>rts430x_lc_rd_eabi.lib</file>
         <name>copy_zero_init.c.obj</name>
      </input_file>
      <input_file id="fl-4f">
         <path>C:\ti\ccs1040\ccs\tools\compiler\ti-cgt-msp430_20.2.5.LTS\lib\</path>
         <kind>archive</kind>
         <file>rts430x_lc_rd_eabi.lib</file>
         <name>cmpd.c.obj</name>
      </input_file>
      <input_file id="fl-50">
         <path>C:\ti\ccs1040\ccs\tools\compiler\ti-cgt-msp430_20.2.5.LTS\lib\</path>
         <kind>archive</kind>
         <file>rts430x_lc_rd_eabi.lib</file>
         <name>cvtdf.c.obj</name>
      </input_file>
      <input_file id="fl-51">
         <path>C:\ti\ccs1040\ccs\tools\compiler\ti-cgt-msp430_20.2.5.LTS\lib\</path>
         <kind>archive</kind>
         <file>rts430x_lc_rd_eabi.lib</file>
         <name>cvtfd.c.obj</name>
      </input_file>
      <input_file id="fl-52">
         <path>C:\ti\ccs1040\ccs\tools\compiler\ti-cgt-msp430_20.2.5.LTS\lib\</path>
         <kind>archive</kind>
         <file>rts430x_lc_rd_eabi.lib</file>
         <name>fltud.c.obj</name>
      </input_file>
      <input_file id="fl-53">
         <path>C:\ti\ccs1040\ccs\tools\compiler\ti-cgt-msp430_20.2.5.LTS\lib\</path>
         <kind>archive</kind>
         <file>rts430x_lc_rd_eabi.lib</file>
         <name>fltuld.c.obj</name>
      </input_file>
      <input_file id="fl-54">
         <path>C:\ti\ccs1040\ccs\tools\compiler\ti-cgt-msp430_20.2.5.LTS\lib\</path>
         <kind>archive</kind>
         <file>rts430x_lc_rd_eabi.lib</file>
         <name>mpyd.c.obj</name>
      </input_file>
      <input_file id="fl-55">
         <path>C:\ti\ccs1040\ccs\tools\compiler\ti-cgt-msp430_20.2.5.LTS\lib\</path>
         <kind>archive</kind>
         <file>rts430x_lc_rd_eabi.lib</file>
         <name>frcmpyd.c.obj</name>
      </input_file>
      <input_file id="fl-56">
         <path>C:\ti\ccs1040\ccs\tools\compiler\ti-cgt-msp430_20.2.5.LTS\lib\</path>
         <kind>archive</kind>
         <file>rts430x_lc_rd_eabi.lib</file>
         <name>mult16_f5hw.asm.obj</name>
      </input_file>
      <input_file id="fl-57">
         <path>C:\ti\ccs1040\ccs\tools\compiler\ti-cgt-msp430_20.2.5.LTS\lib\</path>
         <kind>archive</kind>
         <file>rts430x_lc_rd_eabi.lib</file>
         <name>mult32_f5hw.asm.obj</name>
      </input_file>
      <input_file id="fl-58">
         <path>C:\ti\ccs1040\ccs\tools\compiler\ti-cgt-msp430_20.2.5.LTS\lib\</path>
         <kind>archive</kind>
         <file>rts430x_lc_rd_eabi.lib</file>
         <name>mult64.asm.obj</name>
      </input_file>
      <input_file id="fl-59">
         <path>C:\ti\ccs1040\ccs\tools\compiler\ti-cgt-msp430_20.2.5.LTS\lib\</path>
         <kind>archive</kind>
         <file>rts430x_lc_rd_eabi.lib</file>
         <name>mult32.asm.obj</name>
      </input_file>
      <input_file id="fl-5a">
         <path>C:\ti\ccs1040\ccs\tools\compiler\ti-cgt-msp430_20.2.5.LTS\lib\</path>
         <kind>archive</kind>
         <file>rts430x_lc_rd_eabi.lib</file>
         <name>mult64_f5hw.asm.obj</name>
      </input_file>
      <input_file id="fl-5b">
         <path>C:\ti\ccs1040\ccs\tools\compiler\ti-cgt-msp430_20.2.5.LTS\lib\</path>
         <kind>archive</kind>
         <file>rts430x_lc_rd_eabi.lib</file>
         <name>mult1632_f5hw.asm.obj</name>
      </input_file>
      <input_file id="fl-5c">
         <path>C:\ti\ccs1040\ccs\tools\compiler\ti-cgt-msp430_20.2.5.LTS\lib\</path>
         <kind>archive</kind>
         <file>rts430x_lc_rd_eabi.lib</file>
         <name>mult3264_f5hw.asm.obj</name>
      </input_file>
      <input_file id="fl-5d">
         <path>C:\ti\ccs1040\ccs\tools\compiler\ti-cgt-msp430_20.2.5.LTS\lib\</path>
         <kind>archive</kind>
         <file>rts430x_lc_rd_eabi.lib</file>
         <name>mult1632.asm.obj</name>
      </input_file>
      <input_file id="fl-5e">
         <path>C:\ti\ccs1040\ccs\tools\compiler\ti-cgt-msp430_20.2.5.LTS\lib\</path>
         <kind>archive</kind>
         <file>rts430x_lc_rd_eabi.lib</file>
         <name>mult3264.asm.obj</name>
      </input_file>
      <input_file id="fl-5f">
         <path>C:\ti\ccs1040\ccs\tools\compiler\ti-cgt-msp430_20.2.5.LTS\lib\</path>
         <kind>archive</kind>
         <file>rts430x_lc_rd_eabi.lib</file>
         <name>lsl32.asm.obj</name>
      </input_file>
      <input_file id="fl-60">
         <path>C:\ti\ccs1040\ccs\tools\compiler\ti-cgt-msp430_20.2.5.LTS\lib\</path>
         <kind>archive</kind>
         <file>rts430x_lc_rd_eabi.lib</file>
         <name>lsl64.c.obj</name>
      </input_file>
      <input_file id="fl-61">
         <path>C:\ti\ccs1040\ccs\tools\compiler\ti-cgt-msp430_20.2.5.LTS\lib\</path>
         <kind>archive</kind>
         <file>rts430x_lc_rd_eabi.lib</file>
         <name>asr32.asm.obj</name>
      </input_file>
      <input_file id="fl-62">
         <path>C:\ti\ccs1040\ccs\tools\compiler\ti-cgt-msp430_20.2.5.LTS\lib\</path>
         <kind>archive</kind>
         <file>rts430x_lc_rd_eabi.lib</file>
         <name>lsr32.asm.obj</name>
      </input_file>
      <input_file id="fl-63">
         <path>C:\ti\ccs1040\ccs\tools\compiler\ti-cgt-msp430_20.2.5.LTS\lib\</path>
         <kind>archive</kind>
         <file>rts430x_lc_rd_eabi.lib</file>
         <name>lsr64.c.obj</name>
      </input_file>
      <input_file id="fl-64">
         <path>C:\ti\ccs1040\ccs\tools\compiler\ti-cgt-msp430_20.2.5.LTS\lib\</path>
         <kind>archive</kind>
         <file>rts430x_lc_rd_eabi.lib</file>
         <name>boot.c.obj</name>
      </input_file>
      <input_file id="fl-65">
         <path>C:\ti\ccs1040\ccs\tools\compiler\ti-cgt-msp430_20.2.5.LTS\lib\</path>
         <kind>archive</kind>
         <file>rts430x_lc_rd_eabi.lib</file>
         <name>mpu_init.c.obj</name>
      </input_file>
      <input_file id="fl-66">
         <path>C:\ti\ccs1040\ccs\tools\compiler\ti-cgt-msp430_20.2.5.LTS\lib\</path>
         <kind>archive</kind>
         <file>rts430x_lc_rd_eabi.lib</file>
         <name>args_main.c.obj</name>
      </input_file>
      <input_file id="fl-67">
         <path>C:\ti\ccs1040\ccs\tools\compiler\ti-cgt-msp430_20.2.5.LTS\lib\</path>
         <kind>archive</kind>
         <file>rts430x_lc_rd_eabi.lib</file>
         <name>autoinit.c.obj</name>
      </input_file>
      <input_file id="fl-68">
         <path>C:\ti\ccs1040\ccs\tools\compiler\ti-cgt-msp430_20.2.5.LTS\lib\</path>
         <kind>archive</kind>
         <file>rts430x_lc_rd_eabi.lib</file>
         <name>startup.c.obj</name>
      </input_file>
      <input_file id="fl-69">
         <path>C:\ti\ccs1040\ccs\tools\compiler\ti-cgt-msp430_20.2.5.LTS\lib\</path>
         <kind>archive</kind>
         <file>rts430x_lc_rd_eabi.lib</file>
         <name>pre_init.c.obj</name>
      </input_file>
      <input_file id="fl-6a">
         <path>C:\ti\ccs1040\ccs\tools\compiler\ti-cgt-msp430_20.2.5.LTS\lib\</path>
         <kind>archive</kind>
         <file>rts430x_lc_rd_eabi.lib</file>
         <name>cpy_tbl.c.obj</name>
      </input_file>
      <input_file id="fl-6b">
         <path>C:\ti\ccs1040\ccs\tools\compiler\ti-cgt-msp430_20.2.5.LTS\lib\</path>
         <kind>archive</kind>
         <file>rts430x_lc_rd_eabi.lib</file>
         <name>mult16.asm.obj</name>
      </input_file>
      <input_file id="fl-6c">
         <path>C:\ti\ccs1040\ccs\tools\compiler\ti-cgt-msp430_20.2.5.LTS\lib\</path>
         <kind>archive</kind>
         <file>rts430x_lc_rd_eabi.lib</file>
         <name>exit.c.obj</name>
      </input_file>
      <input_file id="fl-6d">
         <path>C:\ti\ccs1040\ccs\tools\compiler\ti-cgt-msp430_20.2.5.LTS\lib\</path>
         <kind>archive</kind>
         <file>rts430x_lc_rd_eabi.lib</file>
         <name>exit_gvars.c.obj</name>
      </input_file>
      <input_file id="fl-6e">
         <path>C:\ti\ccs1040\ccs\tools\compiler\ti-cgt-msp430_20.2.5.LTS\lib\</path>
         <kind>archive</kind>
         <file>rts430x_lc_rd_eabi.lib</file>
         <name>_lock.c.obj</name>
      </input_file>
      <input_file id="fl-6f">
         <path>C:\ti\ccs1040\ccs\tools\compiler\ti-cgt-msp430_20.2.5.LTS\lib\</path>
         <kind>archive</kind>
         <file>rts430x_lc_rd_eabi.lib</file>
         <name>memcpy.c.obj</name>
      </input_file>
   </input_file_list>
   <object_component_list>
      <object_component id="oc-aff">
         <name>__TI_handler_table</name>
         <load_address>0x6090</load_address>
         <run_address>0x6090</run_address>
         <size>0xc</size>
      </object_component>
      <object_component id="oc-b02">
         <name>.cinit..data.load</name>
         <load_address>0x609c</load_address>
         <run_address>0x609c</run_address>
         <size>0xa</size>
      </object_component>
      <object_component id="oc-b01">
         <name>.cinit..bss.load</name>
         <load_address>0x60a6</load_address>
         <run_address>0x60a6</run_address>
         <size>0x6</size>
      </object_component>
      <object_component id="oc-b00">
         <name>__TI_cinit_table</name>
         <load_address>0x60ac</load_address>
         <run_address>0x60ac</run_address>
         <size>0x10</size>
      </object_component>
      <object_component id="oc-a92">
         <name>.binit</name>
         <load_address>0x6000</load_address>
         <run_address>0x6000</run_address>
         <size>0x0</size>
      </object_component>
      <object_component id="oc-7e3">
         <name>.text:_isr:EUSCIA3_IRQHandler</name>
         <load_address>0x6000</load_address>
         <run_address>0x6000</run_address>
         <size>0x24</size>
         <input_file_ref idref="fl-3"/>
      </object_component>
      <object_component id="oc-7e9">
         <name>.text:_isr:Timer4_A1_ISR</name>
         <load_address>0x6024</load_address>
         <run_address>0x6024</run_address>
         <size>0x1e</size>
         <input_file_ref idref="fl-6"/>
      </object_component>
      <object_component id="oc-7f5">
         <name>.text:_isr:ADC_ISR</name>
         <load_address>0x6042</load_address>
         <run_address>0x6042</run_address>
         <size>0x1c</size>
         <input_file_ref idref="fl-2"/>
      </object_component>
      <object_component id="oc-80d">
         <name>.text:_isr:_c_int00_noargs</name>
         <load_address>0x605e</load_address>
         <run_address>0x605e</run_address>
         <size>0x1c</size>
         <input_file_ref idref="fl-64"/>
      </object_component>
      <object_component id="oc-7ef">
         <name>.text:_isr:Timer0_A0_ISR</name>
         <load_address>0x607a</load_address>
         <run_address>0x607a</run_address>
         <size>0xe</size>
         <input_file_ref idref="fl-3"/>
      </object_component>
      <object_component id="oc-7de">
         <name>.text:_isr:__TI_ISR_TRAP</name>
         <load_address>0x6088</load_address>
         <run_address>0x6088</run_address>
         <size>0x8</size>
         <input_file_ref idref="fl-2b"/>
      </object_component>
      <object_component id="oc-8ce">
         <name>.text:Analyze_received_data</name>
         <load_address>0x10000</load_address>
         <run_address>0x10000</run_address>
         <size>0xaca</size>
         <input_file_ref idref="fl-5"/>
      </object_component>
      <object_component id="oc-977">
         <name>.text:Complete_Program</name>
         <load_address>0x10aca</load_address>
         <run_address>0x10aca</run_address>
         <size>0x332</size>
         <input_file_ref idref="fl-5"/>
      </object_component>
      <object_component id="oc-9eb">
         <name>.text:__mspabi_mpyd</name>
         <load_address>0x10dfc</load_address>
         <run_address>0x10dfc</run_address>
         <size>0x298</size>
         <input_file_ref idref="fl-54"/>
      </object_component>
      <object_component id="oc-97d">
         <name>.text:Take_Photo</name>
         <load_address>0x11094</load_address>
         <run_address>0x11094</run_address>
         <size>0x23a</size>
         <input_file_ref idref="fl-3"/>
      </object_component>
      <object_component id="oc-a3a">
         <name>.text:__TI_frcmpyd</name>
         <load_address>0x112ce</load_address>
         <run_address>0x112ce</run_address>
         <size>0x164</size>
         <input_file_ref idref="fl-55"/>
      </object_component>
      <object_component id="oc-9fe">
         <name>.text:__mspabi_cmpd</name>
         <load_address>0x11432</load_address>
         <run_address>0x11432</run_address>
         <size>0xd8</size>
         <input_file_ref idref="fl-4f"/>
      </object_component>
      <object_component id="oc-989">
         <name>.text:US_value</name>
         <load_address>0x1150a</load_address>
         <run_address>0x1150a</run_address>
         <size>0xb6</size>
         <input_file_ref idref="fl-6"/>
      </object_component>
      <object_component id="oc-9f1">
         <name>.text:__mspabi_cvtdf</name>
         <load_address>0x115c0</load_address>
         <run_address>0x115c0</run_address>
         <size>0xb2</size>
         <input_file_ref idref="fl-50"/>
      </object_component>
      <object_component id="oc-983">
         <name>.text:Actuator_Move</name>
         <load_address>0x11672</load_address>
         <run_address>0x11672</run_address>
         <size>0xa0</size>
         <input_file_ref idref="fl-6"/>
      </object_component>
      <object_component id="oc-86a">
         <name>.text:main</name>
         <load_address>0x11712</load_address>
         <run_address>0x11712</run_address>
         <size>0xa0</size>
         <input_file_ref idref="fl-7"/>
      </object_component>
      <object_component id="oc-958">
         <name>.text:SPI_Data_LoadCell</name>
         <load_address>0x117b2</load_address>
         <run_address>0x117b2</run_address>
         <size>0x82</size>
         <input_file_ref idref="fl-3"/>
      </object_component>
      <object_component id="oc-a33">
         <name>.text:__mspabi_fltuld</name>
         <load_address>0x11834</load_address>
         <run_address>0x11834</run_address>
         <size>0x80</size>
         <input_file_ref idref="fl-53"/>
      </object_component>
      <object_component id="oc-82">
         <name>.text:decompress:lzss:__TI_decompress_lzss</name>
         <load_address>0x118b4</load_address>
         <run_address>0x118b4</run_address>
         <size>0x76</size>
         <input_file_ref idref="fl-28"/>
      </object_component>
      <object_component id="oc-8bc">
         <name>.text:init_timers_GPIO_HBridge</name>
         <load_address>0x1192a</load_address>
         <run_address>0x1192a</run_address>
         <size>0x6c</size>
         <input_file_ref idref="fl-6"/>
      </object_component>
      <object_component id="oc-8b0">
         <name>.text:init_UART_COM</name>
         <load_address>0x11996</load_address>
         <run_address>0x11996</run_address>
         <size>0x66</size>
         <input_file_ref idref="fl-3"/>
      </object_component>
      <object_component id="oc-9f8">
         <name>.text:__mspabi_cvtfd</name>
         <load_address>0x119fc</load_address>
         <run_address>0x119fc</run_address>
         <size>0x64</size>
         <input_file_ref idref="fl-51"/>
      </object_component>
      <object_component id="oc-8aa">
         <name>.text:init_GPIOs_Cams</name>
         <load_address>0x11a60</load_address>
         <run_address>0x11a60</run_address>
         <size>0x60</size>
         <input_file_ref idref="fl-3"/>
      </object_component>
      <object_component id="oc-8c8">
         <name>.text:receive_DataUART_COM</name>
         <load_address>0x11ac0</load_address>
         <run_address>0x11ac0</run_address>
         <size>0x60</size>
         <input_file_ref idref="fl-3"/>
      </object_component>
      <object_component id="oc-a74">
         <name>.text:__mpyll</name>
         <load_address>0x11b20</load_address>
         <run_address>0x11b20</run_address>
         <size>0x5c</size>
         <input_file_ref idref="fl-5a"/>
      </object_component>
      <object_component id="oc-8fe">
         <name>.text:__TI_auto_init_nobinit_nopinit_hold_wdt:__TI_auto_init_nobinit_nopinit_hold_wdt</name>
         <load_address>0x11b7c</load_address>
         <run_address>0x11b7c</run_address>
         <size>0x54</size>
         <input_file_ref idref="fl-67"/>
      </object_component>
      <object_component id="oc-9d4">
         <name>.text:init_SPI_LoadCells</name>
         <load_address>0x11bd0</load_address>
         <run_address>0x11bd0</run_address>
         <size>0x52</size>
         <input_file_ref idref="fl-3"/>
      </object_component>
      <object_component id="oc-8a4">
         <name>.text:init_clocks</name>
         <load_address>0x11c22</load_address>
         <run_address>0x11c22</run_address>
         <size>0x3e</size>
         <input_file_ref idref="fl-4"/>
      </object_component>
      <object_component id="oc-a4e">
         <name>.text:l_asr_const</name>
         <load_address>0x11c60</load_address>
         <run_address>0x11c60</run_address>
         <size>0x3e</size>
         <input_file_ref idref="fl-61"/>
      </object_component>
      <object_component id="oc-a47">
         <name>.text:l_lsl_const</name>
         <load_address>0x11c9e</load_address>
         <run_address>0x11c9e</run_address>
         <size>0x3e</size>
         <input_file_ref idref="fl-5f"/>
      </object_component>
      <object_component id="oc-a67">
         <name>.text:l_lsr_const</name>
         <load_address>0x11cdc</load_address>
         <run_address>0x11cdc</run_address>
         <size>0x3e</size>
         <input_file_ref idref="fl-62"/>
      </object_component>
      <object_component id="oc-938">
         <name>.text:TimeOut</name>
         <load_address>0x11d1a</load_address>
         <run_address>0x11d1a</run_address>
         <size>0x3c</size>
         <input_file_ref idref="fl-3"/>
      </object_component>
      <object_component id="oc-a6e">
         <name>.text:__mspabi_sllll</name>
         <load_address>0x11d56</load_address>
         <run_address>0x11d56</run_address>
         <size>0x3a</size>
         <input_file_ref idref="fl-60"/>
      </object_component>
      <object_component id="oc-a7e">
         <name>.text:__mspabi_srlll</name>
         <load_address>0x11d90</load_address>
         <run_address>0x11d90</run_address>
         <size>0x3a</size>
         <input_file_ref idref="fl-63"/>
      </object_component>
      <object_component id="oc-8c2">
         <name>.text:init_ADC</name>
         <load_address>0x11dca</load_address>
         <run_address>0x11dca</run_address>
         <size>0x38</size>
         <input_file_ref idref="fl-2"/>
      </object_component>
      <object_component id="oc-a79">
         <name>.text:__mpyull</name>
         <load_address>0x11e02</load_address>
         <run_address>0x11e02</run_address>
         <size>0x2c</size>
         <input_file_ref idref="fl-5c"/>
      </object_component>
      <object_component id="oc-96e">
         <name>.text:send_DATAUART_COM</name>
         <load_address>0x11e2e</load_address>
         <run_address>0x11e2e</run_address>
         <size>0x28</size>
         <input_file_ref idref="fl-3"/>
      </object_component>
      <object_component id="oc-8b6">
         <name>.text:init_timer_US</name>
         <load_address>0x11e56</load_address>
         <run_address>0x11e56</run_address>
         <size>0x26</size>
         <input_file_ref idref="fl-6"/>
      </object_component>
      <object_component id="oc-951">
         <name>.text:measure_LVDT2</name>
         <load_address>0x11e7c</load_address>
         <run_address>0x11e7c</run_address>
         <size>0x26</size>
         <input_file_ref idref="fl-2"/>
      </object_component>
      <object_component id="oc-966">
         <name>.text:measure_feedbackActuator</name>
         <load_address>0x11ea2</load_address>
         <run_address>0x11ea2</run_address>
         <size>0x26</size>
         <input_file_ref idref="fl-2"/>
      </object_component>
      <object_component id="oc-7fb">
         <name>.text:decompress:ZI:__TI_zero_init_nomemset:__TI_zero_init_nomemset</name>
         <load_address>0x11ec8</load_address>
         <run_address>0x11ec8</run_address>
         <size>0x24</size>
         <input_file_ref idref="fl-4e"/>
      </object_component>
      <object_component id="oc-94a">
         <name>.text:measure_LVDT1</name>
         <load_address>0x11eec</load_address>
         <run_address>0x11eec</run_address>
         <size>0x24</size>
         <input_file_ref idref="fl-2"/>
      </object_component>
      <object_component id="oc-95f">
         <name>.text:measure_WaterSensor</name>
         <load_address>0x11f10</load_address>
         <run_address>0x11f10</run_address>
         <size>0x24</size>
         <input_file_ref idref="fl-2"/>
      </object_component>
      <object_component id="oc-92c">
         <name>.text:Enable_Interruption_Timer_Timeout</name>
         <load_address>0x11f34</load_address>
         <run_address>0x11f34</run_address>
         <size>0x14</size>
         <input_file_ref idref="fl-3"/>
      </object_component>
      <object_component id="oc-7d1">
         <name>.text:memcpy</name>
         <load_address>0x11f48</load_address>
         <run_address>0x11f48</run_address>
         <size>0x14</size>
         <input_file_ref idref="fl-6f"/>
      </object_component>
      <object_component id="oc-88">
         <name>.text:decompress:none:__TI_decompress_none</name>
         <load_address>0x11f5c</load_address>
         <run_address>0x11f5c</run_address>
         <size>0x12</size>
         <input_file_ref idref="fl-29"/>
      </object_component>
      <object_component id="oc-93e">
         <name>.text:Disable_Interruption_Timer_Timeout</name>
         <load_address>0x11f6e</load_address>
         <run_address>0x11f6e</run_address>
         <size>0xe</size>
         <input_file_ref idref="fl-3"/>
      </object_component>
      <object_component id="oc-932">
         <name>.text:Reset_Timeout</name>
         <load_address>0x11f7c</load_address>
         <run_address>0x11f7c</run_address>
         <size>0xe</size>
         <input_file_ref idref="fl-3"/>
      </object_component>
      <object_component id="oc-9e5">
         <name>.text:__mspabi_fltud</name>
         <load_address>0x11f8a</load_address>
         <run_address>0x11f8a</run_address>
         <size>0x6</size>
         <input_file_ref idref="fl-52"/>
      </object_component>
      <object_component id="oc-8da">
         <name>.text:abort</name>
         <load_address>0x11f90</load_address>
         <run_address>0x11f90</run_address>
         <size>0x6</size>
         <input_file_ref idref="fl-6c"/>
      </object_component>
      <object_component id="oc-864">
         <name>.text:_system_pre_init</name>
         <load_address>0x11f96</load_address>
         <run_address>0x11f96</run_address>
         <size>0x4</size>
         <input_file_ref idref="fl-69"/>
      </object_component>
      <object_component id="oc-9a2">
         <name>.text:_system_post_cinit</name>
         <load_address>0x11f9a</load_address>
         <run_address>0x11f9a</run_address>
         <size>0x2</size>
         <input_file_ref idref="fl-68"/>
      </object_component>
      <object_component id="oc-858">
         <name>.common:ADC_RESULT</name>
         <uninitialized>true</uninitialized>
         <run_address>0x1e96</run_address>
         <size>0x2</size>
      </object_component>
      <object_component id="oc-91f">
         <name>.common:Trigger_PhotoX</name>
         <uninitialized>true</uninitialized>
         <run_address>0x1ea2</run_address>
         <size>0x1</size>
      </object_component>
      <object_component id="oc-924">
         <name>.common:Trigger_PhotoY</name>
         <uninitialized>true</uninitialized>
         <run_address>0x1ea3</run_address>
         <size>0x1</size>
      </object_component>
      <object_component id="oc-925">
         <name>.common:Trigger_PhotoZ</name>
         <uninitialized>true</uninitialized>
         <run_address>0x1ea4</run_address>
         <size>0x1</size>
      </object_component>
      <object_component id="oc-926">
         <name>.common:Trigger_PhotoT</name>
         <uninitialized>true</uninitialized>
         <run_address>0x1ea1</run_address>
         <size>0x1</size>
      </object_component>
      <object_component id="oc-84c">
         <name>.common:UART_Data_COM</name>
         <uninitialized>true</uninitialized>
         <run_address>0x1ea5</run_address>
         <size>0x1</size>
      </object_component>
      <object_component id="oc-9da">
         <name>.common:SPI_Data</name>
         <uninitialized>true</uninitialized>
         <run_address>0x1e8e</run_address>
         <size>0x4</size>
      </object_component>
      <object_component id="oc-856">
         <name>.common:TimeOut_completed</name>
         <uninitialized>true</uninitialized>
         <run_address>0x1e92</run_address>
         <size>0x4</size>
      </object_component>
      <object_component id="oc-945">
         <name>.common:Last_system_data</name>
         <uninitialized>true</uninitialized>
         <run_address>0x1e80</run_address>
         <size>0xa</size>
      </object_component>
      <object_component id="oc-96d">
         <name>.common:Data_to_Send</name>
         <uninitialized>true</uninitialized>
         <run_address>0x1e9a</run_address>
         <size>0x2</size>
      </object_component>
      <object_component id="oc-96c">
         <name>.common:Feedback_Data</name>
         <uninitialized>true</uninitialized>
         <run_address>0x1c00</run_address>
         <size>0x80</size>
      </object_component>
      <object_component id="oc-950">
         <name>.common:LVDT1_Data</name>
         <uninitialized>true</uninitialized>
         <run_address>0x1c80</run_address>
         <size>0x80</size>
      </object_component>
      <object_component id="oc-95e">
         <name>.common:Load_Data</name>
         <uninitialized>true</uninitialized>
         <run_address>0x1d80</run_address>
         <size>0x80</size>
      </object_component>
      <object_component id="oc-957">
         <name>.common:LVDT2_Data</name>
         <uninitialized>true</uninitialized>
         <run_address>0x1d00</run_address>
         <size>0x80</size>
      </object_component>
      <object_component id="oc-965">
         <name>.common:Water_Data</name>
         <uninitialized>true</uninitialized>
         <run_address>0x1e00</run_address>
         <size>0x80</size>
      </object_component>
      <object_component id="oc-949">
         <name>.common:i</name>
         <uninitialized>true</uninitialized>
         <run_address>0x1ea6</run_address>
         <size>0x1</size>
      </object_component>
      <object_component id="oc-853">
         <name>.common:Value1_capture</name>
         <uninitialized>true</uninitialized>
         <run_address>0x1e9c</run_address>
         <size>0x2</size>
      </object_component>
      <object_component id="oc-854">
         <name>.common:Value2_capture</name>
         <uninitialized>true</uninitialized>
         <run_address>0x1e9e</run_address>
         <size>0x2</size>
      </object_component>
      <object_component id="oc-9e4">
         <name>.common:Capture_result</name>
         <uninitialized>true</uninitialized>
         <run_address>0x1e98</run_address>
         <size>0x2</size>
      </object_component>
      <object_component id="oc-9f7">
         <name>.common:ReturnData</name>
         <uninitialized>true</uninitialized>
         <run_address>0x1e8a</run_address>
         <size>0x4</size>
      </object_component>
      <object_component id="oc-850">
         <name>.common:Captured_data</name>
         <uninitialized>true</uninitialized>
         <run_address>0x1ea0</run_address>
         <size>0x1</size>
      </object_component>
      <object_component id="oc-849">
         <name>.data</name>
         <load_address>0x1eb2</load_address>
         <run_address>0x1eb2</run_address>
         <size>0x3</size>
         <input_file_ref idref="fl-3"/>
      </object_component>
      <object_component id="oc-946">
         <name>.data:Actual_system_data</name>
         <load_address>0x1ea8</load_address>
         <run_address>0x1ea8</run_address>
         <size>0xa</size>
         <input_file_ref idref="fl-5"/>
      </object_component>
      <object_component id="oc-974">
         <name>.data</name>
         <load_address>0x1eb5</load_address>
         <run_address>0x1eb5</run_address>
         <size>0x3</size>
         <input_file_ref idref="fl-5"/>
      </object_component>
      <object_component id="oc-7c2">
         <name>.stack</name>
         <uninitialized>true</uninitialized>
         <run_address>0x2b60</run_address>
         <size>0x4</size>
         <input_file_ref idref="fl-64"/>
      </object_component>
      <object_component id="oc-b03">
         <name>.stack</name>
         <uninitialized>true</uninitialized>
         <run_address>0x2b60</run_address>
         <size>0x0</size>
      </object_component>
      <object_component id="oc-8e">
         <name>.int16</name>
         <load_address>0xffb0</load_address>
         <run_address>0xffb0</run_address>
         <size>0x2</size>
         <input_file_ref idref="fl-2a"/>
      </object_component>
      <object_component id="oc-8f">
         <name>.int17</name>
         <load_address>0xffb2</load_address>
         <run_address>0xffb2</run_address>
         <size>0x2</size>
         <input_file_ref idref="fl-2c"/>
      </object_component>
      <object_component id="oc-90">
         <name>.int18</name>
         <load_address>0xffb4</load_address>
         <run_address>0xffb4</run_address>
         <size>0x2</size>
         <input_file_ref idref="fl-2d"/>
      </object_component>
      <object_component id="oc-91">
         <name>.int19</name>
         <load_address>0xffb6</load_address>
         <run_address>0xffb6</run_address>
         <size>0x2</size>
         <input_file_ref idref="fl-2e"/>
      </object_component>
      <object_component id="oc-92">
         <name>.int20</name>
         <load_address>0xffb8</load_address>
         <run_address>0xffb8</run_address>
         <size>0x2</size>
         <input_file_ref idref="fl-2f"/>
      </object_component>
      <object_component id="oc-93">
         <name>.int21</name>
         <load_address>0xffba</load_address>
         <run_address>0xffba</run_address>
         <size>0x2</size>
         <input_file_ref idref="fl-30"/>
      </object_component>
      <object_component id="oc-94">
         <name>.int22</name>
         <load_address>0xffbc</load_address>
         <run_address>0xffbc</run_address>
         <size>0x2</size>
         <input_file_ref idref="fl-31"/>
      </object_component>
      <object_component id="oc-95">
         <name>.int23</name>
         <load_address>0xffbe</load_address>
         <run_address>0xffbe</run_address>
         <size>0x2</size>
         <input_file_ref idref="fl-3"/>
      </object_component>
      <object_component id="oc-96">
         <name>.int24</name>
         <load_address>0xffc0</load_address>
         <run_address>0xffc0</run_address>
         <size>0x2</size>
         <input_file_ref idref="fl-32"/>
      </object_component>
      <object_component id="oc-97">
         <name>.int25</name>
         <load_address>0xffc2</load_address>
         <run_address>0xffc2</run_address>
         <size>0x2</size>
         <input_file_ref idref="fl-33"/>
      </object_component>
      <object_component id="oc-98">
         <name>.int26</name>
         <load_address>0xffc4</load_address>
         <run_address>0xffc4</run_address>
         <size>0x2</size>
         <input_file_ref idref="fl-34"/>
      </object_component>
      <object_component id="oc-99">
         <name>.int27</name>
         <load_address>0xffc6</load_address>
         <run_address>0xffc6</run_address>
         <size>0x2</size>
         <input_file_ref idref="fl-6"/>
      </object_component>
      <object_component id="oc-9a">
         <name>.int28</name>
         <load_address>0xffc8</load_address>
         <run_address>0xffc8</run_address>
         <size>0x2</size>
         <input_file_ref idref="fl-35"/>
      </object_component>
      <object_component id="oc-9b">
         <name>.int29</name>
         <load_address>0xffca</load_address>
         <run_address>0xffca</run_address>
         <size>0x2</size>
         <input_file_ref idref="fl-36"/>
      </object_component>
      <object_component id="oc-9c">
         <name>.int30</name>
         <load_address>0xffcc</load_address>
         <run_address>0xffcc</run_address>
         <size>0x2</size>
         <input_file_ref idref="fl-37"/>
      </object_component>
      <object_component id="oc-9d">
         <name>.int31</name>
         <load_address>0xffce</load_address>
         <run_address>0xffce</run_address>
         <size>0x2</size>
         <input_file_ref idref="fl-38"/>
      </object_component>
      <object_component id="oc-9e">
         <name>.int32</name>
         <load_address>0xffd0</load_address>
         <run_address>0xffd0</run_address>
         <size>0x2</size>
         <input_file_ref idref="fl-39"/>
      </object_component>
      <object_component id="oc-9f">
         <name>.int33</name>
         <load_address>0xffd2</load_address>
         <run_address>0xffd2</run_address>
         <size>0x2</size>
         <input_file_ref idref="fl-3a"/>
      </object_component>
      <object_component id="oc-a0">
         <name>.int34</name>
         <load_address>0xffd4</load_address>
         <run_address>0xffd4</run_address>
         <size>0x2</size>
         <input_file_ref idref="fl-3b"/>
      </object_component>
      <object_component id="oc-a1">
         <name>.int35</name>
         <load_address>0xffd6</load_address>
         <run_address>0xffd6</run_address>
         <size>0x2</size>
         <input_file_ref idref="fl-3c"/>
      </object_component>
      <object_component id="oc-a2">
         <name>.int36</name>
         <load_address>0xffd8</load_address>
         <run_address>0xffd8</run_address>
         <size>0x2</size>
         <input_file_ref idref="fl-3d"/>
      </object_component>
      <object_component id="oc-a3">
         <name>.int37</name>
         <load_address>0xffda</load_address>
         <run_address>0xffda</run_address>
         <size>0x2</size>
         <input_file_ref idref="fl-3e"/>
      </object_component>
      <object_component id="oc-a4">
         <name>.int38</name>
         <load_address>0xffdc</load_address>
         <run_address>0xffdc</run_address>
         <size>0x2</size>
         <input_file_ref idref="fl-3f"/>
      </object_component>
      <object_component id="oc-a5">
         <name>.int39</name>
         <load_address>0xffde</load_address>
         <run_address>0xffde</run_address>
         <size>0x2</size>
         <input_file_ref idref="fl-40"/>
      </object_component>
      <object_component id="oc-a6">
         <name>.int40</name>
         <load_address>0xffe0</load_address>
         <run_address>0xffe0</run_address>
         <size>0x2</size>
         <input_file_ref idref="fl-41"/>
      </object_component>
      <object_component id="oc-a7">
         <name>.int41</name>
         <load_address>0xffe2</load_address>
         <run_address>0xffe2</run_address>
         <size>0x2</size>
         <input_file_ref idref="fl-42"/>
      </object_component>
      <object_component id="oc-a8">
         <name>.int42</name>
         <load_address>0xffe4</load_address>
         <run_address>0xffe4</run_address>
         <size>0x2</size>
         <input_file_ref idref="fl-43"/>
      </object_component>
      <object_component id="oc-a9">
         <name>.int43</name>
         <load_address>0xffe6</load_address>
         <run_address>0xffe6</run_address>
         <size>0x2</size>
         <input_file_ref idref="fl-44"/>
      </object_component>
      <object_component id="oc-aa">
         <name>.int44</name>
         <load_address>0xffe8</load_address>
         <run_address>0xffe8</run_address>
         <size>0x2</size>
         <input_file_ref idref="fl-45"/>
      </object_component>
      <object_component id="oc-ab">
         <name>.int45</name>
         <load_address>0xffea</load_address>
         <run_address>0xffea</run_address>
         <size>0x2</size>
         <input_file_ref idref="fl-3"/>
      </object_component>
      <object_component id="oc-ac">
         <name>.int46</name>
         <load_address>0xffec</load_address>
         <run_address>0xffec</run_address>
         <size>0x2</size>
         <input_file_ref idref="fl-2"/>
      </object_component>
      <object_component id="oc-ad">
         <name>.int47</name>
         <load_address>0xffee</load_address>
         <run_address>0xffee</run_address>
         <size>0x2</size>
         <input_file_ref idref="fl-46"/>
      </object_component>
      <object_component id="oc-ae">
         <name>.int48</name>
         <load_address>0xfff0</load_address>
         <run_address>0xfff0</run_address>
         <size>0x2</size>
         <input_file_ref idref="fl-47"/>
      </object_component>
      <object_component id="oc-af">
         <name>.int49</name>
         <load_address>0xfff2</load_address>
         <run_address>0xfff2</run_address>
         <size>0x2</size>
         <input_file_ref idref="fl-48"/>
      </object_component>
      <object_component id="oc-b0">
         <name>.int50</name>
         <load_address>0xfff4</load_address>
         <run_address>0xfff4</run_address>
         <size>0x2</size>
         <input_file_ref idref="fl-49"/>
      </object_component>
      <object_component id="oc-b1">
         <name>.int51</name>
         <load_address>0xfff6</load_address>
         <run_address>0xfff6</run_address>
         <size>0x2</size>
         <input_file_ref idref="fl-4a"/>
      </object_component>
      <object_component id="oc-b2">
         <name>.int52</name>
         <load_address>0xfff8</load_address>
         <run_address>0xfff8</run_address>
         <size>0x2</size>
         <input_file_ref idref="fl-4b"/>
      </object_component>
      <object_component id="oc-b3">
         <name>.int53</name>
         <load_address>0xfffa</load_address>
         <run_address>0xfffa</run_address>
         <size>0x2</size>
         <input_file_ref idref="fl-4c"/>
      </object_component>
      <object_component id="oc-b4">
         <name>.int54</name>
         <load_address>0xfffc</load_address>
         <run_address>0xfffc</run_address>
         <size>0x2</size>
         <input_file_ref idref="fl-4d"/>
      </object_component>
      <object_component id="oc-7c5">
         <name>.reset</name>
         <load_address>0xfffe</load_address>
         <run_address>0xfffe</run_address>
         <size>0x2</size>
         <input_file_ref idref="fl-64"/>
      </object_component>
      <object_component id="oc-859">
         <name>.debug_info</name>
         <load_address>0x0</load_address>
         <run_address>0x0</run_address>
         <size>0x32d</size>
         <input_file_ref idref="fl-2"/>
      </object_component>
      <object_component id="oc-968">
         <name>.debug_info</name>
         <load_address>0x32d</load_address>
         <run_address>0x32d</run_address>
         <size>0x117</size>
         <input_file_ref idref="fl-2"/>
      </object_component>
      <object_component id="oc-961">
         <name>.debug_info</name>
         <load_address>0x444</load_address>
         <run_address>0x444</run_address>
         <size>0x10d</size>
         <input_file_ref idref="fl-2"/>
      </object_component>
      <object_component id="oc-952">
         <name>.debug_info</name>
         <load_address>0x551</load_address>
         <run_address>0x551</run_address>
         <size>0x101</size>
         <input_file_ref idref="fl-2"/>
      </object_component>
      <object_component id="oc-94c">
         <name>.debug_info</name>
         <load_address>0x652</load_address>
         <run_address>0x652</run_address>
         <size>0x101</size>
         <input_file_ref idref="fl-2"/>
      </object_component>
      <object_component id="oc-8c3">
         <name>.debug_info</name>
         <load_address>0x753</load_address>
         <run_address>0x753</run_address>
         <size>0xf3</size>
         <input_file_ref idref="fl-2"/>
      </object_component>
      <object_component id="oc-7f7">
         <name>.debug_info</name>
         <load_address>0x846</load_address>
         <run_address>0x846</run_address>
         <size>0xf2</size>
         <input_file_ref idref="fl-2"/>
      </object_component>
      <object_component id="oc-898">
         <name>.debug_info</name>
         <load_address>0x938</load_address>
         <run_address>0x938</run_address>
         <size>0x26b</size>
         <input_file_ref idref="fl-2"/>
      </object_component>
      <object_component id="oc-7cc">
         <name>.debug_info</name>
         <load_address>0xba3</load_address>
         <run_address>0xba3</run_address>
         <size>0x84</size>
         <input_file_ref idref="fl-2"/>
      </object_component>
      <object_component id="oc-919">
         <name>.debug_info</name>
         <load_address>0xc27</load_address>
         <run_address>0xc27</run_address>
         <size>0x282</size>
         <input_file_ref idref="fl-2"/>
      </object_component>
      <object_component id="oc-891">
         <name>.debug_info</name>
         <load_address>0xea9</load_address>
         <run_address>0xea9</run_address>
         <size>0xbb</size>
         <input_file_ref idref="fl-2"/>
      </object_component>
      <object_component id="oc-84d">
         <name>.debug_info</name>
         <load_address>0xf64</load_address>
         <run_address>0xf64</run_address>
         <size>0x584</size>
         <input_file_ref idref="fl-3"/>
      </object_component>
      <object_component id="oc-84a">
         <name>.debug_info</name>
         <load_address>0x14e8</load_address>
         <run_address>0x14e8</run_address>
         <size>0x136</size>
         <input_file_ref idref="fl-3"/>
      </object_component>
      <object_component id="oc-971">
         <name>.debug_info</name>
         <load_address>0x161e</load_address>
         <run_address>0x161e</run_address>
         <size>0x1a9</size>
         <input_file_ref idref="fl-3"/>
      </object_component>
      <object_component id="oc-92f">
         <name>.debug_info</name>
         <load_address>0x17c7</load_address>
         <run_address>0x17c7</run_address>
         <size>0x128</size>
         <input_file_ref idref="fl-3"/>
      </object_component>
      <object_component id="oc-934">
         <name>.debug_info</name>
         <load_address>0x18ef</load_address>
         <run_address>0x18ef</run_address>
         <size>0x100</size>
         <input_file_ref idref="fl-3"/>
      </object_component>
      <object_component id="oc-93a">
         <name>.debug_info</name>
         <load_address>0x19ef</load_address>
         <run_address>0x19ef</run_address>
         <size>0x145</size>
         <input_file_ref idref="fl-3"/>
      </object_component>
      <object_component id="oc-940">
         <name>.debug_info</name>
         <load_address>0x1b34</load_address>
         <run_address>0x1b34</run_address>
         <size>0x12a</size>
         <input_file_ref idref="fl-3"/>
      </object_component>
      <object_component id="oc-8ca">
         <name>.debug_info</name>
         <load_address>0x1c5e</load_address>
         <run_address>0x1c5e</run_address>
         <size>0x210</size>
         <input_file_ref idref="fl-3"/>
      </object_component>
      <object_component id="oc-8b2">
         <name>.debug_info</name>
         <load_address>0x1e6e</load_address>
         <run_address>0x1e6e</run_address>
         <size>0x100</size>
         <input_file_ref idref="fl-3"/>
      </object_component>
      <object_component id="oc-9d6">
         <name>.debug_info</name>
         <load_address>0x1f6e</load_address>
         <run_address>0x1f6e</run_address>
         <size>0x10a</size>
         <input_file_ref idref="fl-3"/>
      </object_component>
      <object_component id="oc-8ab">
         <name>.debug_info</name>
         <load_address>0x2078</load_address>
         <run_address>0x2078</run_address>
         <size>0x107</size>
         <input_file_ref idref="fl-3"/>
      </object_component>
      <object_component id="oc-7f0">
         <name>.debug_info</name>
         <load_address>0x217f</load_address>
         <run_address>0x217f</run_address>
         <size>0x101</size>
         <input_file_ref idref="fl-3"/>
      </object_component>
      <object_component id="oc-97f">
         <name>.debug_info</name>
         <load_address>0x2280</load_address>
         <run_address>0x2280</run_address>
         <size>0x13f</size>
         <input_file_ref idref="fl-3"/>
      </object_component>
      <object_component id="oc-95a">
         <name>.debug_info</name>
         <load_address>0x23bf</load_address>
         <run_address>0x23bf</run_address>
         <size>0x148</size>
         <input_file_ref idref="fl-3"/>
      </object_component>
      <object_component id="oc-7e4">
         <name>.debug_info</name>
         <load_address>0x2507</load_address>
         <run_address>0x2507</run_address>
         <size>0x10e</size>
         <input_file_ref idref="fl-3"/>
      </object_component>
      <object_component id="oc-8d5">
         <name>.debug_info</name>
         <load_address>0x2615</load_address>
         <run_address>0x2615</run_address>
         <size>0x64</size>
         <input_file_ref idref="fl-3"/>
      </object_component>
      <object_component id="oc-8a5">
         <name>.debug_info</name>
         <load_address>0x2679</load_address>
         <run_address>0x2679</run_address>
         <size>0x102</size>
         <input_file_ref idref="fl-4"/>
      </object_component>
      <object_component id="oc-920">
         <name>.debug_info</name>
         <load_address>0x277b</load_address>
         <run_address>0x277b</run_address>
         <size>0x58e</size>
         <input_file_ref idref="fl-5"/>
      </object_component>
      <object_component id="oc-947">
         <name>.debug_info</name>
         <load_address>0x2d09</load_address>
         <run_address>0x2d09</run_address>
         <size>0xe3</size>
         <input_file_ref idref="fl-5"/>
      </object_component>
      <object_component id="oc-975">
         <name>.debug_info</name>
         <load_address>0x2dec</load_address>
         <run_address>0x2dec</run_address>
         <size>0x145</size>
         <input_file_ref idref="fl-5"/>
      </object_component>
      <object_component id="oc-97a">
         <name>.debug_info</name>
         <load_address>0x2f31</load_address>
         <run_address>0x2f31</run_address>
         <size>0x373</size>
         <input_file_ref idref="fl-5"/>
      </object_component>
      <object_component id="oc-8d0">
         <name>.debug_info</name>
         <load_address>0x32a4</load_address>
         <run_address>0x32a4</run_address>
         <size>0x6bd</size>
         <input_file_ref idref="fl-5"/>
      </object_component>
      <object_component id="oc-9c5">
         <name>.debug_info</name>
         <load_address>0x3961</load_address>
         <run_address>0x3961</run_address>
         <size>0x9e</size>
         <input_file_ref idref="fl-5"/>
      </object_component>
      <object_component id="oc-851">
         <name>.debug_info</name>
         <load_address>0x39ff</load_address>
         <run_address>0x39ff</run_address>
         <size>0x48c</size>
         <input_file_ref idref="fl-6"/>
      </object_component>
      <object_component id="oc-8be">
         <name>.debug_info</name>
         <load_address>0x3e8b</load_address>
         <run_address>0x3e8b</run_address>
         <size>0x122</size>
         <input_file_ref idref="fl-6"/>
      </object_component>
      <object_component id="oc-8b8">
         <name>.debug_info</name>
         <load_address>0x3fad</load_address>
         <run_address>0x3fad</run_address>
         <size>0x10c</size>
         <input_file_ref idref="fl-6"/>
      </object_component>
      <object_component id="oc-98a">
         <name>.debug_info</name>
         <load_address>0x40b9</load_address>
         <run_address>0x40b9</run_address>
         <size>0x184</size>
         <input_file_ref idref="fl-6"/>
      </object_component>
      <object_component id="oc-7ea">
         <name>.debug_info</name>
         <load_address>0x423d</load_address>
         <run_address>0x423d</run_address>
         <size>0x10d</size>
         <input_file_ref idref="fl-6"/>
      </object_component>
      <object_component id="oc-984">
         <name>.debug_info</name>
         <load_address>0x434a</load_address>
         <run_address>0x434a</run_address>
         <size>0x168</size>
         <input_file_ref idref="fl-6"/>
      </object_component>
      <object_component id="oc-922">
         <name>.debug_info</name>
         <load_address>0x44b2</load_address>
         <run_address>0x44b2</run_address>
         <size>0x440</size>
         <input_file_ref idref="fl-7"/>
      </object_component>
      <object_component id="oc-86b">
         <name>.debug_info</name>
         <load_address>0x48f2</load_address>
         <run_address>0x48f2</run_address>
         <size>0x1be</size>
         <input_file_ref idref="fl-7"/>
      </object_component>
      <object_component id="oc-83e">
         <name>.debug_info</name>
         <load_address>0x4ab0</load_address>
         <run_address>0x4ab0</run_address>
         <size>0x17b</size>
         <input_file_ref idref="fl-28"/>
      </object_component>
      <object_component id="oc-83">
         <name>.debug_info</name>
         <load_address>0x4c2b</load_address>
         <run_address>0x4c2b</run_address>
         <size>0x250</size>
         <input_file_ref idref="fl-28"/>
      </object_component>
      <object_component id="oc-7c7">
         <name>.debug_info</name>
         <load_address>0x4e7b</load_address>
         <run_address>0x4e7b</run_address>
         <size>0x60</size>
         <input_file_ref idref="fl-28"/>
      </object_component>
      <object_component id="oc-886">
         <name>.debug_info</name>
         <load_address>0x4edb</load_address>
         <run_address>0x4edb</run_address>
         <size>0x46</size>
         <input_file_ref idref="fl-28"/>
      </object_component>
      <object_component id="oc-839">
         <name>.debug_info</name>
         <load_address>0x4f21</load_address>
         <run_address>0x4f21</run_address>
         <size>0x39</size>
         <input_file_ref idref="fl-28"/>
      </object_component>
      <object_component id="oc-7dd">
         <name>.debug_info</name>
         <load_address>0x4f5a</load_address>
         <run_address>0x4f5a</run_address>
         <size>0x18f</size>
         <input_file_ref idref="fl-29"/>
      </object_component>
      <object_component id="oc-8a">
         <name>.debug_info</name>
         <load_address>0x50e9</load_address>
         <run_address>0x50e9</run_address>
         <size>0x1d3</size>
         <input_file_ref idref="fl-29"/>
      </object_component>
      <object_component id="oc-7d8">
         <name>.debug_info</name>
         <load_address>0x52bc</load_address>
         <run_address>0x52bc</run_address>
         <size>0x46</size>
         <input_file_ref idref="fl-29"/>
      </object_component>
      <object_component id="oc-7df">
         <name>.debug_info</name>
         <load_address>0x5302</load_address>
         <run_address>0x5302</run_address>
         <size>0x10f</size>
         <input_file_ref idref="fl-2b"/>
      </object_component>
      <object_component id="oc-862">
         <name>.debug_info</name>
         <load_address>0x5411</load_address>
         <run_address>0x5411</run_address>
         <size>0x17f</size>
         <input_file_ref idref="fl-4e"/>
      </object_component>
      <object_component id="oc-7fc">
         <name>.debug_info</name>
         <load_address>0x5590</load_address>
         <run_address>0x5590</run_address>
         <size>0x1d7</size>
         <input_file_ref idref="fl-4e"/>
      </object_component>
      <object_component id="oc-85d">
         <name>.debug_info</name>
         <load_address>0x5767</load_address>
         <run_address>0x5767</run_address>
         <size>0x46</size>
         <input_file_ref idref="fl-4e"/>
      </object_component>
      <object_component id="oc-a00">
         <name>.debug_info</name>
         <load_address>0x57ad</load_address>
         <run_address>0x57ad</run_address>
         <size>0x1cf</size>
         <input_file_ref idref="fl-4f"/>
      </object_component>
      <object_component id="oc-a42">
         <name>.debug_info</name>
         <load_address>0x597c</load_address>
         <run_address>0x597c</run_address>
         <size>0x94</size>
         <input_file_ref idref="fl-4f"/>
      </object_component>
      <object_component id="oc-a4d">
         <name>.debug_info</name>
         <load_address>0x5a10</load_address>
         <run_address>0x5a10</run_address>
         <size>0x16a</size>
         <input_file_ref idref="fl-50"/>
      </object_component>
      <object_component id="oc-9f3">
         <name>.debug_info</name>
         <load_address>0x5b7a</load_address>
         <run_address>0x5b7a</run_address>
         <size>0x1db</size>
         <input_file_ref idref="fl-50"/>
      </object_component>
      <object_component id="oc-a54">
         <name>.debug_info</name>
         <load_address>0x5d55</load_address>
         <run_address>0x5d55</run_address>
         <size>0xdb</size>
         <input_file_ref idref="fl-50"/>
      </object_component>
      <object_component id="oc-9f9">
         <name>.debug_info</name>
         <load_address>0x5e30</load_address>
         <run_address>0x5e30</run_address>
         <size>0x19c</size>
         <input_file_ref idref="fl-51"/>
      </object_component>
      <object_component id="oc-9e9">
         <name>.debug_info</name>
         <load_address>0x5fcc</load_address>
         <run_address>0x5fcc</run_address>
         <size>0x166</size>
         <input_file_ref idref="fl-52"/>
      </object_component>
      <object_component id="oc-a6d">
         <name>.debug_info</name>
         <load_address>0x6132</load_address>
         <run_address>0x6132</run_address>
         <size>0x175</size>
         <input_file_ref idref="fl-53"/>
      </object_component>
      <object_component id="oc-a34">
         <name>.debug_info</name>
         <load_address>0x62a7</load_address>
         <run_address>0x62a7</run_address>
         <size>0x1c1</size>
         <input_file_ref idref="fl-53"/>
      </object_component>
      <object_component id="oc-a41">
         <name>.debug_info</name>
         <load_address>0x6468</load_address>
         <run_address>0x6468</run_address>
         <size>0x19c</size>
         <input_file_ref idref="fl-54"/>
      </object_component>
      <object_component id="oc-9ec">
         <name>.debug_info</name>
         <load_address>0x6604</load_address>
         <run_address>0x6604</run_address>
         <size>0x295</size>
         <input_file_ref idref="fl-54"/>
      </object_component>
      <object_component id="oc-a3d">
         <name>.debug_info</name>
         <load_address>0x6899</load_address>
         <run_address>0x6899</run_address>
         <size>0x244</size>
         <input_file_ref idref="fl-55"/>
      </object_component>
      <object_component id="oc-a77">
         <name>.debug_info</name>
         <load_address>0x6add</load_address>
         <run_address>0x6add</run_address>
         <size>0x132</size>
         <input_file_ref idref="fl-5a"/>
      </object_component>
      <object_component id="oc-a7b">
         <name>.debug_info</name>
         <load_address>0x6c0f</load_address>
         <run_address>0x6c0f</run_address>
         <size>0x136</size>
         <input_file_ref idref="fl-5c"/>
      </object_component>
      <object_component id="oc-a48">
         <name>.debug_info</name>
         <load_address>0x6d45</load_address>
         <run_address>0x6d45</run_address>
         <size>0x126</size>
         <input_file_ref idref="fl-5f"/>
      </object_component>
      <object_component id="oc-a71">
         <name>.debug_info</name>
         <load_address>0x6e6b</load_address>
         <run_address>0x6e6b</run_address>
         <size>0x188</size>
         <input_file_ref idref="fl-60"/>
      </object_component>
      <object_component id="oc-a4f">
         <name>.debug_info</name>
         <load_address>0x6ff3</load_address>
         <run_address>0x6ff3</run_address>
         <size>0x126</size>
         <input_file_ref idref="fl-61"/>
      </object_component>
      <object_component id="oc-a6a">
         <name>.debug_info</name>
         <load_address>0x7119</load_address>
         <run_address>0x7119</run_address>
         <size>0x126</size>
         <input_file_ref idref="fl-62"/>
      </object_component>
      <object_component id="oc-a7f">
         <name>.debug_info</name>
         <load_address>0x723f</load_address>
         <run_address>0x723f</run_address>
         <size>0x188</size>
         <input_file_ref idref="fl-63"/>
      </object_component>
      <object_component id="oc-7c3">
         <name>.debug_info</name>
         <load_address>0x73c7</load_address>
         <run_address>0x73c7</run_address>
         <size>0x100</size>
         <input_file_ref idref="fl-64"/>
      </object_component>
      <object_component id="oc-80e">
         <name>.debug_info</name>
         <load_address>0x74c7</load_address>
         <run_address>0x74c7</run_address>
         <size>0x17a</size>
         <input_file_ref idref="fl-64"/>
      </object_component>
      <object_component id="oc-9a9">
         <name>.debug_info</name>
         <load_address>0x7641</load_address>
         <run_address>0x7641</run_address>
         <size>0x3fc</size>
         <input_file_ref idref="fl-67"/>
      </object_component>
      <object_component id="oc-8ff">
         <name>.debug_info</name>
         <load_address>0x7a3d</load_address>
         <run_address>0x7a3d</run_address>
         <size>0x230</size>
         <input_file_ref idref="fl-67"/>
      </object_component>
      <object_component id="oc-a1c">
         <name>.debug_info</name>
         <load_address>0x7c6d</load_address>
         <run_address>0x7c6d</run_address>
         <size>0x39</size>
         <input_file_ref idref="fl-67"/>
      </object_component>
      <object_component id="oc-a2d">
         <name>.debug_info</name>
         <load_address>0x7ca6</load_address>
         <run_address>0x7ca6</run_address>
         <size>0x2c</size>
         <input_file_ref idref="fl-67"/>
      </object_component>
      <object_component id="oc-9b4">
         <name>.debug_info</name>
         <load_address>0x7cd2</load_address>
         <run_address>0x7cd2</run_address>
         <size>0x2c</size>
         <input_file_ref idref="fl-67"/>
      </object_component>
      <object_component id="oc-a21">
         <name>.debug_info</name>
         <load_address>0x7cfe</load_address>
         <run_address>0x7cfe</run_address>
         <size>0xcd</size>
         <input_file_ref idref="fl-67"/>
      </object_component>
      <object_component id="oc-9a4">
         <name>.debug_info</name>
         <load_address>0x7dcb</load_address>
         <run_address>0x7dcb</run_address>
         <size>0x150</size>
         <input_file_ref idref="fl-68"/>
      </object_component>
      <object_component id="oc-865">
         <name>.debug_info</name>
         <load_address>0x7f1b</load_address>
         <run_address>0x7f1b</run_address>
         <size>0x153</size>
         <input_file_ref idref="fl-69"/>
      </object_component>
      <object_component id="oc-841">
         <name>.debug_info</name>
         <load_address>0x806e</load_address>
         <run_address>0x806e</run_address>
         <size>0x2c</size>
         <input_file_ref idref="fl-6a"/>
      </object_component>
      <object_component id="oc-8dc">
         <name>.debug_info</name>
         <load_address>0x809a</load_address>
         <run_address>0x809a</run_address>
         <size>0x122</size>
         <input_file_ref idref="fl-6c"/>
      </object_component>
      <object_component id="oc-840">
         <name>.debug_info</name>
         <load_address>0x81bc</load_address>
         <run_address>0x81bc</run_address>
         <size>0x19a</size>
         <input_file_ref idref="fl-6f"/>
      </object_component>
      <object_component id="oc-7d3">
         <name>.debug_info</name>
         <load_address>0x8356</load_address>
         <run_address>0x8356</run_address>
         <size>0x17a</size>
         <input_file_ref idref="fl-6f"/>
      </object_component>
      <object_component id="oc-b05">
         <name>.debug_info</name>
         <load_address>0x84d0</load_address>
         <run_address>0x84d0</run_address>
         <size>0x9b</size>
      </object_component>
      <object_component id="oc-8a0">
         <name>.debug_line</name>
         <load_address>0x0</load_address>
         <run_address>0x0</run_address>
         <size>0x68</size>
         <input_file_ref idref="fl-2"/>
      </object_component>
      <object_component id="oc-967">
         <name>.debug_line</name>
         <load_address>0x68</load_address>
         <run_address>0x68</run_address>
         <size>0x48</size>
         <input_file_ref idref="fl-2"/>
      </object_component>
      <object_component id="oc-960">
         <name>.debug_line</name>
         <load_address>0xb0</load_address>
         <run_address>0xb0</run_address>
         <size>0x48</size>
         <input_file_ref idref="fl-2"/>
      </object_component>
      <object_component id="oc-955">
         <name>.debug_line</name>
         <load_address>0xf8</load_address>
         <run_address>0xf8</run_address>
         <size>0x48</size>
         <input_file_ref idref="fl-2"/>
      </object_component>
      <object_component id="oc-94b">
         <name>.debug_line</name>
         <load_address>0x140</load_address>
         <run_address>0x140</run_address>
         <size>0x48</size>
         <input_file_ref idref="fl-2"/>
      </object_component>
      <object_component id="oc-8c6">
         <name>.debug_line</name>
         <load_address>0x188</load_address>
         <run_address>0x188</run_address>
         <size>0x48</size>
         <input_file_ref idref="fl-2"/>
      </object_component>
      <object_component id="oc-7f6">
         <name>.debug_line</name>
         <load_address>0x1d0</load_address>
         <run_address>0x1d0</run_address>
         <size>0x47</size>
         <input_file_ref idref="fl-2"/>
      </object_component>
      <object_component id="oc-89b">
         <name>.debug_line</name>
         <load_address>0x217</load_address>
         <run_address>0x217</run_address>
         <size>0x72</size>
         <input_file_ref idref="fl-2"/>
      </object_component>
      <object_component id="oc-7cf">
         <name>.debug_line</name>
         <load_address>0x289</load_address>
         <run_address>0x289</run_address>
         <size>0x20</size>
         <input_file_ref idref="fl-2"/>
      </object_component>
      <object_component id="oc-91c">
         <name>.debug_line</name>
         <load_address>0x2a9</load_address>
         <run_address>0x2a9</run_address>
         <size>0x76</size>
         <input_file_ref idref="fl-2"/>
      </object_component>
      <object_component id="oc-894">
         <name>.debug_line</name>
         <load_address>0x31f</load_address>
         <run_address>0x31f</run_address>
         <size>0x73</size>
         <input_file_ref idref="fl-2"/>
      </object_component>
      <object_component id="oc-897">
         <name>.debug_line</name>
         <load_address>0x392</load_address>
         <run_address>0x392</run_address>
         <size>0x76</size>
         <input_file_ref idref="fl-3"/>
      </object_component>
      <object_component id="oc-890">
         <name>.debug_line</name>
         <load_address>0x408</load_address>
         <run_address>0x408</run_address>
         <size>0x2d</size>
         <input_file_ref idref="fl-3"/>
      </object_component>
      <object_component id="oc-96f">
         <name>.debug_line</name>
         <load_address>0x435</load_address>
         <run_address>0x435</run_address>
         <size>0x52</size>
         <input_file_ref idref="fl-3"/>
      </object_component>
      <object_component id="oc-92d">
         <name>.debug_line</name>
         <load_address>0x487</load_address>
         <run_address>0x487</run_address>
         <size>0x42</size>
         <input_file_ref idref="fl-3"/>
      </object_component>
      <object_component id="oc-933">
         <name>.debug_line</name>
         <load_address>0x4c9</load_address>
         <run_address>0x4c9</run_address>
         <size>0x41</size>
         <input_file_ref idref="fl-3"/>
      </object_component>
      <object_component id="oc-939">
         <name>.debug_line</name>
         <load_address>0x50a</load_address>
         <run_address>0x50a</run_address>
         <size>0x52</size>
         <input_file_ref idref="fl-3"/>
      </object_component>
      <object_component id="oc-93f">
         <name>.debug_line</name>
         <load_address>0x55c</load_address>
         <run_address>0x55c</run_address>
         <size>0x44</size>
         <input_file_ref idref="fl-3"/>
      </object_component>
      <object_component id="oc-8c9">
         <name>.debug_line</name>
         <load_address>0x5a0</load_address>
         <run_address>0x5a0</run_address>
         <size>0x5f</size>
         <input_file_ref idref="fl-3"/>
      </object_component>
      <object_component id="oc-8b1">
         <name>.debug_line</name>
         <load_address>0x5ff</load_address>
         <run_address>0x5ff</run_address>
         <size>0x57</size>
         <input_file_ref idref="fl-3"/>
      </object_component>
      <object_component id="oc-9d5">
         <name>.debug_line</name>
         <load_address>0x656</load_address>
         <run_address>0x656</run_address>
         <size>0x52</size>
         <input_file_ref idref="fl-3"/>
      </object_component>
      <object_component id="oc-8ae">
         <name>.debug_line</name>
         <load_address>0x6a8</load_address>
         <run_address>0x6a8</run_address>
         <size>0x54</size>
         <input_file_ref idref="fl-3"/>
      </object_component>
      <object_component id="oc-7f3">
         <name>.debug_line</name>
         <load_address>0x6fc</load_address>
         <run_address>0x6fc</run_address>
         <size>0x44</size>
         <input_file_ref idref="fl-3"/>
      </object_component>
      <object_component id="oc-97e">
         <name>.debug_line</name>
         <load_address>0x740</load_address>
         <run_address>0x740</run_address>
         <size>0xff</size>
         <input_file_ref idref="fl-3"/>
      </object_component>
      <object_component id="oc-959">
         <name>.debug_line</name>
         <load_address>0x83f</load_address>
         <run_address>0x83f</run_address>
         <size>0x6a</size>
         <input_file_ref idref="fl-3"/>
      </object_component>
      <object_component id="oc-7e7">
         <name>.debug_line</name>
         <load_address>0x8a9</load_address>
         <run_address>0x8a9</run_address>
         <size>0x4c</size>
         <input_file_ref idref="fl-3"/>
      </object_component>
      <object_component id="oc-8d8">
         <name>.debug_line</name>
         <load_address>0x8f5</load_address>
         <run_address>0x8f5</run_address>
         <size>0x2d</size>
         <input_file_ref idref="fl-3"/>
      </object_component>
      <object_component id="oc-8a9">
         <name>.debug_line</name>
         <load_address>0x922</load_address>
         <run_address>0x922</run_address>
         <size>0x51</size>
         <input_file_ref idref="fl-4"/>
      </object_component>
      <object_component id="oc-9c4">
         <name>.debug_line</name>
         <load_address>0x973</load_address>
         <run_address>0x973</run_address>
         <size>0x96</size>
         <input_file_ref idref="fl-5"/>
      </object_component>
      <object_component id="oc-9d1">
         <name>.debug_line</name>
         <load_address>0xa09</load_address>
         <run_address>0xa09</run_address>
         <size>0x30</size>
         <input_file_ref idref="fl-5"/>
      </object_component>
      <object_component id="oc-9e0">
         <name>.debug_line</name>
         <load_address>0xa39</load_address>
         <run_address>0xa39</run_address>
         <size>0x30</size>
         <input_file_ref idref="fl-5"/>
      </object_component>
[...]
      </symbol>
      <symbol id="sm-937">
         <name>Data_to_Send</name>
         <value>0x1e9a</value>
      </symbol>
      <symbol id="sm-938">
         <name>Feedback_Data</name>
         <value>0x1c00</value>
      </symbol>
      <symbol id="sm-939">
         <name>LVDT1_Data</name>
         <value>0x1c80</value>
      </symbol>
      <symbol id="sm-93a">
         <name>Load_Data</name>
         <value>0x1d80</value>
      </symbol>
      <symbol id="sm-93b">
         <name>LVDT2_Data</name>
         <value>0x1d00</value>
      </symbol>
      <symbol id="sm-93c">
         <name>Water_Data</name>
         <value>0x1e00</value>
      </symbol>
      <symbol id="sm-93d">
         <name>i</name>
         <value>0x1ea6</value>
      </symbol>
      <symbol id="sm-93e">
         <name>Complete_Program</name>
         <value>0x10aca</value>
         <object_component_ref idref="oc-977"/>
      </symbol>
      <symbol id="sm-93f">
         <name>First_Feedback_Data</name>
         <value>0x1eb6</value>
         <object_component_ref idref="oc-974"/>
      </symbol>
      <symbol id="sm-940">
         <name>object_detected</name>
         <value>0x1eb7</value>
         <object_component_ref idref="oc-974"/>
      </symbol>
      <symbol id="sm-941">
         <name>First_LVDT1_Data</name>
         <value>0x1eb5</value>
         <object_component_ref idref="oc-974"/>
      </symbol>
      <symbol id="sm-942">
         <name>Actual_system_data</name>
         <value>0x1ea8</value>
         <object_component_ref idref="oc-946"/>
      </symbol>
      <symbol id="sm-943">
         <name>Analyze_received_data</name>
         <value>0x10000</value>
         <object_component_ref idref="oc-8ce"/>
      </symbol>
      <symbol id="sm-97e">
         <name>Value1_capture</name>
         <value>0x1e9c</value>
      </symbol>
      <symbol id="sm-97f">
         <name>Value2_capture</name>
         <value>0x1e9e</value>
      </symbol>
      <symbol id="sm-980">
         <name>Capture_result</name>
         <value>0x1e98</value>
      </symbol>
      <symbol id="sm-981">
         <name>ReturnData</name>
         <value>0x1e8a</value>
      </symbol>
      <symbol id="sm-982">
         <name>Captured_data</name>
         <value>0x1ea0</value>
      </symbol>
      <symbol id="sm-983">
         <name>Timer4_A1_ISR</name>
         <value>0x6024</value>
         <object_component_ref idref="oc-7e9"/>
      </symbol>
      <symbol id="sm-984">
         <name>init_timer_US</name>
         <value>0x11e56</value>
         <object_component_ref idref="oc-8b6"/>
      </symbol>
      <symbol id="sm-985">
         <name>__TI_int27</name>
         <value>0xffc6</value>
         <object_component_ref idref="oc-99"/>
      </symbol>
      <symbol id="sm-986">
         <name>US_value</name>
         <value>0x1150a</value>
         <object_component_ref idref="oc-989"/>
      </symbol>
      <symbol id="sm-987">
         <name>Actuator_Move</name>
         <value>0x11672</value>
         <object_component_ref idref="oc-983"/>
      </symbol>
      <symbol id="sm-988">
         <name>init_timers_GPIO_HBridge</name>
         <value>0x1192a</value>
         <object_component_ref idref="oc-8bc"/>
      </symbol>
      <symbol id="sm-999">
         <name>main</name>
         <value>0x11712</value>
         <object_component_ref idref="oc-86a"/>
      </symbol>
      <symbol id="sm-9bc">
         <name>__TI_decompress_lzss</name>
         <value>0x118b4</value>
         <object_component_ref idref="oc-82"/>
      </symbol>
      <symbol id="sm-9cd">
         <name>__TI_decompress_none</name>
         <value>0x11f5c</value>
         <object_component_ref idref="oc-88"/>
      </symbol>
      <symbol id="sm-9d0">
         <name>__TI_int16</name>
         <value>0xffb0</value>
         <object_component_ref idref="oc-8e"/>
      </symbol>
      <symbol id="sm-9d8">
         <name>__TI_ISR_TRAP</name>
         <value>0x6088</value>
         <object_component_ref idref="oc-7de"/>
      </symbol>
      <symbol id="sm-9db">
         <name>__TI_int17</name>
         <value>0xffb2</value>
         <object_component_ref idref="oc-8f"/>
      </symbol>
      <symbol id="sm-9de">
         <name>__TI_int18</name>
         <value>0xffb4</value>
         <object_component_ref idref="oc-90"/>
      </symbol>
      <symbol id="sm-9e1">
         <name>__TI_int19</name>
         <value>0xffb6</value>
         <object_component_ref idref="oc-91"/>
      </symbol>
      <symbol id="sm-9e4">
         <name>__TI_int20</name>
         <value>0xffb8</value>
         <object_component_ref idref="oc-92"/>
      </symbol>
      <symbol id="sm-9e7">
         <name>__TI_int21</name>
         <value>0xffba</value>
         <object_component_ref idref="oc-93"/>
      </symbol>
      <symbol id="sm-9ea">
         <name>__TI_int22</name>
         <value>0xffbc</value>
         <object_component_ref idref="oc-94"/>
      </symbol>
      <symbol id="sm-9ed">
         <name>__TI_int24</name>
         <value>0xffc0</value>
         <object_component_ref idref="oc-96"/>
      </symbol>
      <symbol id="sm-9f0">
         <name>__TI_int25</name>
         <value>0xffc2</value>
         <object_component_ref idref="oc-97"/>
      </symbol>
      <symbol id="sm-9f3">
         <name>__TI_int26</name>
         <value>0xffc4</value>
         <object_component_ref idref="oc-98"/>
      </symbol>
      <symbol id="sm-9f6">
         <name>__TI_int28</name>
         <value>0xffc8</value>
         <object_component_ref idref="oc-9a"/>
      </symbol>
      <symbol id="sm-9f9">
         <name>__TI_int29</name>
         <value>0xffca</value>
         <object_component_ref idref="oc-9b"/>
      </symbol>
      <symbol id="sm-9fc">
         <name>__TI_int30</name>
         <value>0xffcc</value>
         <object_component_ref idref="oc-9c"/>
      </symbol>
      <symbol id="sm-9ff">
         <name>__TI_int31</name>
         <value>0xffce</value>
         <object_component_ref idref="oc-9d"/>
      </symbol>
      <symbol id="sm-a02">
         <name>__TI_int32</name>
         <value>0xffd0</value>
         <object_component_ref idref="oc-9e"/>
      </symbol>
      <symbol id="sm-a05">
         <name>__TI_int33</name>
         <value>0xffd2</value>
         <object_component_ref idref="oc-9f"/>
      </symbol>
      <symbol id="sm-a08">
         <name>__TI_int34</name>
         <value>0xffd4</value>
         <object_component_ref idref="oc-a0"/>
      </symbol>
      <symbol id="sm-a0b">
         <name>__TI_int35</name>
         <value>0xffd6</value>
         <object_component_ref idref="oc-a1"/>
      </symbol>
      <symbol id="sm-a0e">
         <name>__TI_int36</name>
         <value>0xffd8</value>
         <object_component_ref idref="oc-a2"/>
      </symbol>
      <symbol id="sm-a11">
         <name>__TI_int37</name>
         <value>0xffda</value>
         <object_component_ref idref="oc-a3"/>
      </symbol>
      <symbol id="sm-a14">
         <name>__TI_int38</name>
         <value>0xffdc</value>
         <object_component_ref idref="oc-a4"/>
      </symbol>
      <symbol id="sm-a17">
         <name>__TI_int39</name>
         <value>0xffde</value>
         <object_component_ref idref="oc-a5"/>
      </symbol>
      <symbol id="sm-a1a">
         <name>__TI_int40</name>
         <value>0xffe0</value>
         <object_component_ref idref="oc-a6"/>
      </symbol>
      <symbol id="sm-a1d">
         <name>__TI_int41</name>
         <value>0xffe2</value>
         <object_component_ref idref="oc-a7"/>
      </symbol>
      <symbol id="sm-a20">
         <name>__TI_int42</name>
         <value>0xffe4</value>
         <object_component_ref idref="oc-a8"/>
      </symbol>
      <symbol id="sm-a23">
         <name>__TI_int43</name>
         <value>0xffe6</value>
         <object_component_ref idref="oc-a9"/>
      </symbol>
      <symbol id="sm-a26">
         <name>__TI_int44</name>
         <value>0xffe8</value>
         <object_component_ref idref="oc-aa"/>
      </symbol>
      <symbol id="sm-a29">
         <name>__TI_int47</name>
         <value>0xffee</value>
         <object_component_ref idref="oc-ad"/>
      </symbol>
      <symbol id="sm-a2c">
         <name>__TI_int48</name>
         <value>0xfff0</value>
         <object_component_ref idref="oc-ae"/>
      </symbol>
      <symbol id="sm-a2f">
         <name>__TI_int49</name>
         <value>0xfff2</value>
         <object_component_ref idref="oc-af"/>
      </symbol>
      <symbol id="sm-a32">
         <name>__TI_int50</name>
         <value>0xfff4</value>
         <object_component_ref idref="oc-b0"/>
      </symbol>
      <symbol id="sm-a35">
         <name>__TI_int51</name>
         <value>0xfff6</value>
         <object_component_ref idref="oc-b1"/>
      </symbol>
      <symbol id="sm-a38">
         <name>__TI_int52</name>
         <value>0xfff8</value>
         <object_component_ref idref="oc-b2"/>
      </symbol>
      <symbol id="sm-a3b">
         <name>__TI_int53</name>
         <value>0xfffa</value>
         <object_component_ref idref="oc-b3"/>
      </symbol>
      <symbol id="sm-a3e">
         <name>__TI_int54</name>
         <value>0xfffc</value>
         <object_component_ref idref="oc-b4"/>
      </symbol>
      <symbol id="sm-a51">
         <name>__TI_zero_init_nomemset</name>
         <value>0x11ec8</value>
         <object_component_ref idref="oc-7fb"/>
      </symbol>
      <symbol id="sm-a70">
         <name>__mspabi_cmpd</name>
         <value>0x11432</value>
         <object_component_ref idref="oc-9fe"/>
      </symbol>
      <symbol id="sm-a8a">
         <name>__mspabi_cvtdf</name>
         <value>0x115c0</value>
         <object_component_ref idref="oc-9f1"/>
      </symbol>
      <symbol id="sm-a98">
         <name>__mspabi_cvtfd</name>
         <value>0x119fc</value>
         <object_component_ref idref="oc-9f8"/>
      </symbol>
      <symbol id="sm-aa1">
         <name>__mspabi_fltud</name>
         <value>0x11f8a</value>
         <object_component_ref idref="oc-9e5"/>
      </symbol>
      <symbol id="sm-ab6">
         <name>__mspabi_fltuld</name>
         <value>0x11834</value>
         <object_component_ref idref="oc-a33"/>
      </symbol>
      <symbol id="sm-adc">
         <name>__mspabi_mpyd</name>
         <value>0x10dfc</value>
         <object_component_ref idref="oc-9eb"/>
      </symbol>
      <symbol id="sm-ae7">
         <name>__TI_frcmpyd</name>
         <value>0x112ce</value>
         <object_component_ref idref="oc-a3a"/>
      </symbol>
      <symbol id="sm-af3">
         <name>__mspabi_mpyll_f5hw</name>
         <value>0x11b20</value>
         <object_component_ref idref="oc-a74"/>
      </symbol>
      <symbol id="sm-afc">
         <name>__mspabi_mpyull_f5hw</name>
         <value>0x11e02</value>
         <object_component_ref idref="oc-a79"/>
      </symbol>
      <symbol id="sm-b06">
         <name>__mspabi_slll_9</name>
         <value>0x11cb6</value>
         <object_component_ref idref="oc-a47"/>
      </symbol>
      <symbol id="sm-b07">
         <name>__mspabi_slll_8</name>
         <value>0x11cba</value>
         <object_component_ref idref="oc-a47"/>
      </symbol>
      <symbol id="sm-b08">
         <name>__mspabi_slll_7</name>
         <value>0x11cbe</value>
         <object_component_ref idref="oc-a47"/>
      </symbol>
      <symbol id="sm-b09">
         <name>__mspabi_slll_6</name>
         <value>0x11cc2</value>
         <object_component_ref idref="oc-a47"/>
      </symbol>
      <symbol id="sm-b0a">
         <name>__mspabi_slll_5</name>
         <value>0x11cc6</value>
         <object_component_ref idref="oc-a47"/>
      </symbol>
      <symbol id="sm-b0b">
         <name>__mspabi_slll_4</name>
         <value>0x11cca</value>
         <object_component_ref idref="oc-a47"/>
      </symbol>
      <symbol id="sm-b0c">
         <name>__mspabi_slll_3</name>
         <value>0x11cce</value>
         <object_component_ref idref="oc-a47"/>
      </symbol>
      <symbol id="sm-b0d">
         <name>__mspabi_slll_2</name>
         <value>0x11cd2</value>
         <object_component_ref idref="oc-a47"/>
      </symbol>
      <symbol id="sm-b0e">
         <name>__mspabi_slll_1</name>
         <value>0x11cd6</value>
         <object_component_ref idref="oc-a47"/>
      </symbol>
      <symbol id="sm-b0f">
         <name>__mspabi_slll_15</name>
         <value>0x11c9e</value>
         <object_component_ref idref="oc-a47"/>
      </symbol>
      <symbol id="sm-b10">
         <name>__mspabi_slll_14</name>
         <value>0x11ca2</value>
         <object_component_ref idref="oc-a47"/>
      </symbol>
      <symbol id="sm-b11">
         <name>__mspabi_slll_13</name>
         <value>0x11ca6</value>
         <object_component_ref idref="oc-a47"/>
      </symbol>
      <symbol id="sm-b12">
         <name>__mspabi_slll_12</name>
         <value>0x11caa</value>
         <object_component_ref idref="oc-a47"/>
      </symbol>
      <symbol id="sm-b13">
         <name>__mspabi_slll_11</name>
         <value>0x11cae</value>
         <object_component_ref idref="oc-a47"/>
      </symbol>
      <symbol id="sm-b14">
         <name>__mspabi_slll_10</name>
         <value>0x11cb2</value>
         <object_component_ref idref="oc-a47"/>
      </symbol>
      <symbol id="sm-b21">
         <name>__mspabi_sllll</name>
         <value>0x11d56</value>
         <object_component_ref idref="oc-a6e"/>
      </symbol>
      <symbol id="sm-b29">
         <name>__mspabi_sral_15</name>
         <value>0x11c60</value>
         <object_component_ref idref="oc-a4e"/>
      </symbol>
      <symbol id="sm-b2a">
         <name>__mspabi_sral_14</name>
         <value>0x11c64</value>
         <object_component_ref idref="oc-a4e"/>
      </symbol>
      <symbol id="sm-b2b">
         <name>__mspabi_sral_13</name>
         <value>0x11c68</value>
         <object_component_ref idref="oc-a4e"/>
      </symbol>
      <symbol id="sm-b2c">
         <name>__mspabi_sral_12</name>
         <value>0x11c6c</value>
         <object_component_ref idref="oc-a4e"/>
      </symbol>
      <symbol id="sm-b2d">
         <name>__mspabi_sral_11</name>
         <value>0x11c70</value>
         <object_component_ref idref="oc-a4e"/>
      </symbol>
      <symbol id="sm-b2e">
         <name>__mspabi_sral_10</name>
         <value>0x11c74</value>
         <object_component_ref idref="oc-a4e"/>
      </symbol>
      <symbol id="sm-b2f">
         <name>__mspabi_sral_8</name>
         <value>0x11c7c</value>
         <object_component_ref idref="oc-a4e"/>
      </symbol>
      <symbol id="sm-b30">
         <name>__mspabi_sral_9</name>
         <value>0x11c78</value>
         <object_component_ref idref="oc-a4e"/>
      </symbol>
      <symbol id="sm-b31">
         <name>__mspabi_sral_6</name>
         <value>0x11c84</value>
         <object_component_ref idref="oc-a4e"/>
      </symbol>
      <symbol id="sm-b32">
         <name>__mspabi_sral_7</name>
         <value>0x11c80</value>
         <object_component_ref idref="oc-a4e"/>
      </symbol>
      <symbol id="sm-b33">
         <name>__mspabi_sral_4</name>
         <value>0x11c8c</value>
         <object_component_ref idref="oc-a4e"/>
      </symbol>
      <symbol id="sm-b34">
         <name>__mspabi_sral_5</name>
         <value>0x11c88</value>
         <object_component_ref idref="oc-a4e"/>
      </symbol>
      <symbol id="sm-b35">
         <name>__mspabi_sral_2</name>
         <value>0x11c94</value>
         <object_component_ref idref="oc-a4e"/>
      </symbol>
      <symbol id="sm-b36">
         <name>__mspabi_sral_3</name>
         <value>0x11c90</value>
         <object_component_ref idref="oc-a4e"/>
      </symbol>
      <symbol id="sm-b37">
         <name>__mspabi_sral_1</name>
         <value>0x11c98</value>
         <object_component_ref idref="oc-a4e"/>
      </symbol>
      <symbol id="sm-b3f">
         <name>__mspabi_srll_8</name>
         <value>0x11cf8</value>
         <object_component_ref idref="oc-a67"/>
      </symbol>
      <symbol id="sm-b40">
         <name>__mspabi_srll_9</name>
         <value>0x11cf4</value>
         <object_component_ref idref="oc-a67"/>
      </symbol>
      <symbol id="sm-b41">
         <name>__mspabi_srll_6</name>
         <value>0x11d00</value>
         <object_component_ref idref="oc-a67"/>
      </symbol>
      <symbol id="sm-b42">
         <name>__mspabi_srll_7</name>
         <value>0x11cfc</value>
         <object_component_ref idref="oc-a67"/>
      </symbol>
      <symbol id="sm-b43">
         <name>__mspabi_srll_4</name>
         <value>0x11d08</value>
         <object_component_ref idref="oc-a67"/>
      </symbol>
      <symbol id="sm-b44">
         <name>__mspabi_srll_5</name>
         <value>0x11d04</value>
         <object_component_ref idref="oc-a67"/>
      </symbol>
      <symbol id="sm-b45">
         <name>__mspabi_srll_2</name>
         <value>0x11d10</value>
         <object_component_ref idref="oc-a67"/>
      </symbol>
      <symbol id="sm-b46">
         <name>__mspabi_srll_3</name>
         <value>0x11d0c</value>
         <object_component_ref idref="oc-a67"/>
      </symbol>
      <symbol id="sm-b47">
         <name>__mspabi_srll_1</name>
         <value>0x11d14</value>
         <object_component_ref idref="oc-a67"/>
      </symbol>
      <symbol id="sm-b48">
         <name>__mspabi_srll_15</name>
         <value>0x11cdc</value>
         <object_component_ref idref="oc-a67"/>
      </symbol>
      <symbol id="sm-b49">
         <name>__mspabi_srll_14</name>
         <value>0x11ce0</value>
         <object_component_ref idref="oc-a67"/>
      </symbol>
      <symbol id="sm-b4a">
         <name>__mspabi_srll_13</name>
         <value>0x11ce4</value>
         <object_component_ref idref="oc-a67"/>
      </symbol>
      <symbol id="sm-b4b">
         <name>__mspabi_srll_12</name>
         <value>0x11ce8</value>
         <object_component_ref idref="oc-a67"/>
      </symbol>
      <symbol id="sm-b4c">
         <name>__mspabi_srll_11</name>
         <value>0x11cec</value>
         <object_component_ref idref="oc-a67"/>
      </symbol>
      <symbol id="sm-b4d">
         <name>__mspabi_srll_10</name>
         <value>0x11cf0</value>
         <object_component_ref idref="oc-a67"/>
      </symbol>
      <symbol id="sm-b5a">
         <name>__mspabi_srlll</name>
         <value>0x11d90</value>
         <object_component_ref idref="oc-a7e"/>
      </symbol>
      <symbol id="sm-b6a">
         <name>_stack</name>
         <value>0x2b60</value>
         <object_component_ref idref="oc-7c2"/>
      </symbol>
      <symbol id="sm-b6b">
         <name>_c_int00_noargs</name>
         <value>0x605e</value>
         <object_component_ref idref="oc-80d"/>
      </symbol>
      <symbol id="sm-b6c">
         <name>_reset_vector</name>
         <value>0xfffe</value>
         <object_component_ref idref="oc-7c5"/>
      </symbol>
      <symbol id="sm-b91">
         <name>__TI_auto_init_nobinit_nopinit_hold_wdt</name>
         <value>0x11b7c</value>
         <object_component_ref idref="oc-8fe"/>
      </symbol>
      <symbol id="sm-b9a">
         <name>_system_post_cinit</name>
         <value>0x11f9a</value>
         <object_component_ref idref="oc-9a2"/>
      </symbol>
      <symbol id="sm-ba3">
         <name>_system_pre_init</name>
         <value>0x11f96</value>
         <object_component_ref idref="oc-864"/>
      </symbol>
      <symbol id="sm-bb4">
         <name>C$$EXIT</name>
         <value>0x11f90</value>
         <object_component_ref idref="oc-8da"/>
      </symbol>
      <symbol id="sm-bb5">
         <name>abort</name>
         <value>0x11f90</value>
         <object_component_ref idref="oc-8da"/>
      </symbol>
      <symbol id="sm-bc5">
         <name>memcpy</name>
         <value>0x11f48</value>
         <object_component_ref idref="oc-7d1"/>
      </symbol>
   </symbol_table>
   <title>Link successful</title>
</link_info>
